Archive member included to satisfy reference by file (symbol)

C:/PROGRA~2/ARMGNU~1/14EFD8~1.2RE/bin/../lib/gcc/arm-none-eabi/14.2.1/thumb/v7e-m+fp/hard\libg_nano.a(libc_a-exit.o)
                              C:/PROGRA~2/ARMGNU~1/14EFD8~1.2RE/bin/../lib/gcc/arm-none-eabi/14.2.1/thumb/v7e-m+fp/hard/crt0.o (exit)
C:/PROGRA~2/ARMGNU~1/14EFD8~1.2RE/bin/../lib/gcc/arm-none-eabi/14.2.1/thumb/v7e-m+fp/hard\libg_nano.a(libc_a-findfp.o)
                              C:/PROGRA~2/ARMGNU~1/14EFD8~1.2RE/bin/../lib/gcc/arm-none-eabi/14.2.1/thumb/v7e-m+fp/hard\libg_nano.a(libc_a-exit.o) (__stdio_exit_handler)
C:/PROGRA~2/ARMGNU~1/14EFD8~1.2RE/bin/../lib/gcc/arm-none-eabi/14.2.1/thumb/v7e-m+fp/hard\libg_nano.a(libc_a-fwalk.o)
                              C:/PROGRA~2/ARMGNU~1/14EFD8~1.2RE/bin/../lib/gcc/arm-none-eabi/14.2.1/thumb/v7e-m+fp/hard\libg_nano.a(libc_a-findfp.o) (_fwalk_sglue)
C:/PROGRA~2/ARMGNU~1/14EFD8~1.2RE/bin/../lib/gcc/arm-none-eabi/14.2.1/thumb/v7e-m+fp/hard\libg_nano.a(libc_a-stdio.o)
                              C:/PROGRA~2/ARMGNU~1/14EFD8~1.2RE/bin/../lib/gcc/arm-none-eabi/14.2.1/thumb/v7e-m+fp/hard\libg_nano.a(libc_a-findfp.o) (__sread)
C:/PROGRA~2/ARMGNU~1/14EFD8~1.2RE/bin/../lib/gcc/arm-none-eabi/14.2.1/thumb/v7e-m+fp/hard\libg_nano.a(libc_a-memset.o)
                              C:/PROGRA~2/ARMGNU~1/14EFD8~1.2RE/bin/../lib/gcc/arm-none-eabi/14.2.1/thumb/v7e-m+fp/hard/crt0.o (memset)
C:/PROGRA~2/ARMGNU~1/14EFD8~1.2RE/bin/../lib/gcc/arm-none-eabi/14.2.1/thumb/v7e-m+fp/hard\libg_nano.a(libc_a-closer.o)
                              C:/PROGRA~2/ARMGNU~1/14EFD8~1.2RE/bin/../lib/gcc/arm-none-eabi/14.2.1/thumb/v7e-m+fp/hard\libg_nano.a(libc_a-stdio.o) (_close_r)
C:/PROGRA~2/ARMGNU~1/14EFD8~1.2RE/bin/../lib/gcc/arm-none-eabi/14.2.1/thumb/v7e-m+fp/hard\libg_nano.a(libc_a-reent.o)
                              C:/PROGRA~2/ARMGNU~1/14EFD8~1.2RE/bin/../lib/gcc/arm-none-eabi/14.2.1/thumb/v7e-m+fp/hard\libg_nano.a(libc_a-closer.o) (errno)
C:/PROGRA~2/ARMGNU~1/14EFD8~1.2RE/bin/../lib/gcc/arm-none-eabi/14.2.1/thumb/v7e-m+fp/hard\libg_nano.a(libc_a-impure.o)
                              C:/PROGRA~2/ARMGNU~1/14EFD8~1.2RE/bin/../lib/gcc/arm-none-eabi/14.2.1/thumb/v7e-m+fp/hard\libg_nano.a(libc_a-reent.o) (_impure_ptr)
C:/PROGRA~2/ARMGNU~1/14EFD8~1.2RE/bin/../lib/gcc/arm-none-eabi/14.2.1/thumb/v7e-m+fp/hard\libg_nano.a(libc_a-lseekr.o)
                              C:/PROGRA~2/ARMGNU~1/14EFD8~1.2RE/bin/../lib/gcc/arm-none-eabi/14.2.1/thumb/v7e-m+fp/hard\libg_nano.a(libc_a-stdio.o) (_lseek_r)
C:/PROGRA~2/ARMGNU~1/14EFD8~1.2RE/bin/../lib/gcc/arm-none-eabi/14.2.1/thumb/v7e-m+fp/hard\libg_nano.a(libc_a-readr.o)
                              C:/PROGRA~2/ARMGNU~1/14EFD8~1.2RE/bin/../lib/gcc/arm-none-eabi/14.2.1/thumb/v7e-m+fp/hard\libg_nano.a(libc_a-stdio.o) (_read_r)
C:/PROGRA~2/ARMGNU~1/14EFD8~1.2RE/bin/../lib/gcc/arm-none-eabi/14.2.1/thumb/v7e-m+fp/hard\libg_nano.a(libc_a-writer.o)
                              C:/PROGRA~2/ARMGNU~1/14EFD8~1.2RE/bin/../lib/gcc/arm-none-eabi/14.2.1/thumb/v7e-m+fp/hard\libg_nano.a(libc_a-stdio.o) (_write_r)
C:/PROGRA~2/ARMGNU~1/14EFD8~1.2RE/bin/../lib/gcc/arm-none-eabi/14.2.1/thumb/v7e-m+fp/hard\libg_nano.a(libc_a-init.o)
                              C:/PROGRA~2/ARMGNU~1/14EFD8~1.2RE/bin/../lib/gcc/arm-none-eabi/14.2.1/thumb/v7e-m+fp/hard/crt0.o (__libc_init_array)
C:/PROGRA~2/ARMGNU~1/14EFD8~1.2RE/bin/../lib/gcc/arm-none-eabi/14.2.1/thumb/v7e-m+fp/hard\libg_nano.a(libc_a-lock.o)
                              C:/PROGRA~2/ARMGNU~1/14EFD8~1.2RE/bin/../lib/gcc/arm-none-eabi/14.2.1/thumb/v7e-m+fp/hard\libg_nano.a(libc_a-findfp.o) (__retarget_lock_init_recursive)
C:/PROGRA~2/ARMGNU~1/14EFD8~1.2RE/bin/../lib/gcc/arm-none-eabi/14.2.1/thumb/v7e-m+fp/hard\libg_nano.a(libc_a-freer.o)
                              C:/PROGRA~2/ARMGNU~1/14EFD8~1.2RE/bin/../lib/gcc/arm-none-eabi/14.2.1/thumb/v7e-m+fp/hard\libg_nano.a(libc_a-reent.o) (_free_r)
C:/PROGRA~2/ARMGNU~1/14EFD8~1.2RE/bin/../lib/gcc/arm-none-eabi/14.2.1/thumb/v7e-m+fp/hard\libg_nano.a(libc_a-mallocr.o)
                              C:/PROGRA~2/ARMGNU~1/14EFD8~1.2RE/bin/../lib/gcc/arm-none-eabi/14.2.1/thumb/v7e-m+fp/hard\libg_nano.a(libc_a-findfp.o) (_malloc_r)
C:/PROGRA~2/ARMGNU~1/14EFD8~1.2RE/bin/../lib/gcc/arm-none-eabi/14.2.1/thumb/v7e-m+fp/hard\libg_nano.a(libc_a-mlock.o)
                              C:/PROGRA~2/ARMGNU~1/14EFD8~1.2RE/bin/../lib/gcc/arm-none-eabi/14.2.1/thumb/v7e-m+fp/hard\libg_nano.a(libc_a-freer.o) (__malloc_lock)
C:/PROGRA~2/ARMGNU~1/14EFD8~1.2RE/bin/../lib/gcc/arm-none-eabi/14.2.1/thumb/v7e-m+fp/hard\libg_nano.a(libc_a-fflush.o)
                              C:/PROGRA~2/ARMGNU~1/14EFD8~1.2RE/bin/../lib/gcc/arm-none-eabi/14.2.1/thumb/v7e-m+fp/hard\libg_nano.a(libc_a-findfp.o) (_fflush_r)
C:/PROGRA~2/ARMGNU~1/14EFD8~1.2RE/bin/../lib/gcc/arm-none-eabi/14.2.1/thumb/v7e-m+fp/hard\libg_nano.a(libc_a-sbrkr.o)
[...]
Memory Configuration

Name             Origin             Length             Attributes
FLASH            0x08000000         0x00080000         xr
RAM              0x20000000         0x00020000         xrw
*default*        0x00000000         0xffffffff

Linker script and memory map

LOAD C:/PROGRA~2/ARMGNU~1/14EFD8~1.2RE/bin/../lib/gcc/arm-none-eabi/14.2.1/thumb/v7e-m+fp/hard/crti.o
LOAD C:/PROGRA~2/ARMGNU~1/14EFD8~1.2RE/bin/../lib/gcc/arm-none-eabi/14.2.1/thumb/v7e-m+fp/hard/crtbegin.o
LOAD C:/PROGRA~2/ARMGNU~1/14EFD8~1.2RE/bin/../lib/gcc/arm-none-eabi/14.2.1/thumb/v7e-m+fp/hard/crt0.o
LOAD CMakeFiles/mini_rtos.elf.dir/main.c.obj
LOAD CMakeFiles/mini_rtos.elf.dir/bsp.c.obj
LOAD CMakeFiles/mini_rtos.elf.dir/miros.c.obj
LOAD CMakeFiles/mini_rtos.elf.dir/i2c1.c.obj
LOAD CMakeFiles/mini_rtos.elf.dir/bmi088.c.obj
LOAD CMakeFiles/mini_rtos.elf.dir/system_stm32f4xx.c.obj
LOAD CMakeFiles/mini_rtos.elf.dir/startup_stm32f446xx.s.obj
START GROUP
LOAD C:/PROGRA~2/ARMGNU~1/14EFD8~1.2RE/bin/../lib/gcc/arm-none-eabi/14.2.1/thumb/v7e-m+fp/hard\libgcc.a
LOAD C:/PROGRA~2/ARMGNU~1/14EFD8~1.2RE/bin/../lib/gcc/arm-none-eabi/14.2.1/thumb/v7e-m+fp/hard\libg_nano.a
LOAD C:/PROGRA~2/ARMGNU~1/14EFD8~1.2RE/bin/../lib/gcc/arm-none-eabi/14.2.1/thumb/v7e-m+fp/hard\libc_nano.a
END GROUP
START GROUP
LOAD C:/PROGRA~2/ARMGNU~1/14EFD8~1.2RE/bin/../lib/gcc/arm-none-eabi/14.2.1/thumb/v7e-m+fp/hard\libgcc.a
LOAD C:/PROGRA~2/ARMGNU~1/14EFD8~1.2RE/bin/../lib/gcc/arm-none-eabi/14.2.1/thumb/v7e-m+fp/hard\libc_nano.a
LOAD C:/PROGRA~2/ARMGNU~1/14EFD8~1.2RE/bin/../lib/gcc/arm-none-eabi/14.2.1/thumb/v7e-m+fp/hard\libnosys.a
END GROUP
START GROUP
LOAD C:/PROGRA~2/ARMGNU~1/14EFD8~1.2RE/bin/../lib/gcc/arm-none-eabi/14.2.1/thumb/v7e-m+fp/hard\libgcc.a
LOAD C:/PROGRA~2/ARMGNU~1/14EFD8~1.2RE/bin/../lib/gcc/arm-none-eabi/14.2.1/thumb/v7e-m+fp/hard\libc_nano.a
LOAD C:/PROGRA~2/ARMGNU~1/14EFD8~1.2RE/bin/../lib/gcc/arm-none-eabi/14.2.1/thumb/v7e-m+fp/hard\libnosys.a
END GROUP
LOAD C:/PROGRA~2/ARMGNU~1/14EFD8~1.2RE/bin/../lib/gcc/arm-none-eabi/14.2.1/thumb/v7e-m+fp/hard/crtend.o
LOAD C:/PROGRA~2/ARMGNU~1/14EFD8~1.2RE/bin/../lib/gcc/arm-none-eabi/14.2.1/thumb/v7e-m+fp/hard/crtn.o
                0x20020000                        _estack = (ORIGIN (RAM) + LENGTH (RAM))
                0x00000200                        _Min_Heap_Size = 0x200
                0x00000400                        _Min_Stack_Size = 0x400

.isr_vector     0x08000000      0x1c4
                0x08000000                        . = ALIGN (0x4)
 *(.isr_vector)
 .isr_vector    0x08000000      0x1c4 CMakeFiles/mini_rtos.elf.dir/startup_stm32f446xx.s.obj
                0x08000000                g_pfnVectors
                0x080001c4                        . = ALIGN (0x4)

.text           0x080001c4     0x1804
                0x080001c4                        . = ALIGN (0x4)
 *(.text)
 *(.text*)
 .text.deregister_tm_clones
                0x080001c4       0x1c C:/PROGRA~2/ARMGNU~1/14EFD8~1.2RE/bin/../lib/gcc/arm-none-eabi/14.2.1/thumb/v7e-m+fp/hard/crtbegin.o
 .text.register_tm_clones
                0x080001e0       0x24 C:/PROGRA~2/ARMGNU~1/14EFD8~1.2RE/bin/../lib/gcc/arm-none-eabi/14.2.1/thumb/v7e-m+fp/hard/crtbegin.o
 .text.__do_global_dtors_aux
                0x08000204       0x28 C:/PROGRA~2/ARMGNU~1/14EFD8~1.2RE/bin/../lib/gcc/arm-none-eabi/14.2.1/thumb/v7e-m+fp/hard/crtbegin.o
 .text.frame_dummy
                0x0800022c       0x24 C:/PROGRA~2/ARMGNU~1/14EFD8~1.2RE/bin/../lib/gcc/arm-none-eabi/14.2.1/thumb/v7e-m+fp/hard/crtbegin.o
 .text.main_imuThread
                0x08000250       0x4c CMakeFiles/mini_rtos.elf.dir/main.c.obj
 .text.main_blinky1
                0x0800029c       0x1c CMakeFiles/mini_rtos.elf.dir/main.c.obj
 .text.main     0x080002b8       0x6c CMakeFiles/mini_rtos.elf.dir/main.c.obj
                0x080002b8                main
 .text.__NVIC_SetPriority
                0x08000324       0x54 CMakeFiles/mini_rtos.elf.dir/bsp.c.obj
 .text.SysTick_Config
                0x08000378       0x44 CMakeFiles/mini_rtos.elf.dir/bsp.c.obj
 .text.led_on   0x080003bc       0x18 CMakeFiles/mini_rtos.elf.dir/bsp.c.obj
 .text.led_off  0x080003d4       0x1c CMakeFiles/mini_rtos.elf.dir/bsp.c.obj
 .text.SysTick_Handler
                0x080003f0       0x18 CMakeFiles/mini_rtos.elf.dir/bsp.c.obj
                0x080003f0                SysTick_Handler
 .text.EXTI3_IRQHandler
                0x08000408        0xc CMakeFiles/mini_rtos.elf.dir/bsp.c.obj
                0x08000408                EXTI3_IRQHandler
 .text.EXTI4_IRQHandler
                0x08000414        0xc CMakeFiles/mini_rtos.elf.dir/bsp.c.obj
                0x08000414                EXTI4_IRQHandler
 .text.DMA1_Stream0_IRQHandler
                0x08000420        0xc CMakeFiles/mini_rtos.elf.dir/bsp.c.obj
                0x08000420                DMA1_Stream0_IRQHandler
 .text.SystemClock_Config
                0x0800042c       0xac CMakeFiles/mini_rtos.elf.dir/bsp.c.obj
                0x0800042c                SystemClock_Config
 .text.BSP_init
                0x080004d8       0x38 CMakeFiles/mini_rtos.elf.dir/bsp.c.obj
                0x080004d8                BSP_init
 .text.BSP_ledGreenOn
                0x08000510        0xc CMakeFiles/mini_rtos.elf.dir/bsp.c.obj
                0x08000510                BSP_ledGreenOn
 .text.BSP_ledGreenOff
                0x0800051c        0xc CMakeFiles/mini_rtos.elf.dir/bsp.c.obj
                0x0800051c                BSP_ledGreenOff
 .text.OS_onStartup
                0x08000528       0x30 CMakeFiles/mini_rtos.elf.dir/bsp.c.obj
                0x08000528                OS_onStartup
 .text.OS_onIdle
                0x08000558       0x10 CMakeFiles/mini_rtos.elf.dir/bsp.c.obj
                0x08000558                OS_onIdle
 .text.Q_onAssert
                0x08000568        0xe CMakeFiles/mini_rtos.elf.dir/bsp.c.obj
                0x08000568                Q_onAssert
 .text.main_idleThread
                0x08000576        0xa CMakeFiles/mini_rtos.elf.dir/miros.c.obj
                0x08000576                main_idleThread
 .text.OS_init  0x08000580       0x38 CMakeFiles/mini_rtos.elf.dir/miros.c.obj
                0x08000580                OS_init
 .text.OS_sched
                0x080005b8       0x64 CMakeFiles/mini_rtos.elf.dir/miros.c.obj
                0x080005b8                OS_sched
 .text.OS_run   0x0800061c       0x1c CMakeFiles/mini_rtos.elf.dir/miros.c.obj
                0x0800061c                OS_run
 .text.OS_tick  0x08000638       0x68 CMakeFiles/mini_rtos.elf.dir/miros.c.obj
                0x08000638                OS_tick
 .text.OS_delay
                0x080006a0       0x5c CMakeFiles/mini_rtos.elf.dir/miros.c.obj
                0x080006a0                OS_delay
 .text.OSThread_start
                0x080006fc      0x180 CMakeFiles/mini_rtos.elf.dir/miros.c.obj
                0x080006fc                OSThread_start
 .text.OS_evtWait
                0x0800087c       0xac CMakeFiles/mini_rtos.elf.dir/miros.c.obj
                0x0800087c                OS_evtWait
 .text.OS_evtSignal_FromISR
                0x08000928       0x74 CMakeFiles/mini_rtos.elf.dir/miros.c.obj
                0x08000928                OS_evtSignal_FromISR
 .text.PendSV_Handler
                0x0800099c       0x38 CMakeFiles/mini_rtos.elf.dir/miros.c.obj
                0x0800099c                PendSV_Handler
 .text.__NVIC_EnableIRQ
                0x080009d4       0x3c CMakeFiles/mini_rtos.elf.dir/i2c1.c.obj
 .text.__NVIC_SetPriority
                0x08000a10       0x54 CMakeFiles/mini_rtos.elf.dir/i2c1.c.obj
 .text.apb1_clock_hz
                0x08000a64       0x3c CMakeFiles/mini_rtos.elf.dir/i2c1.c.obj
 .text.i2c1_init
                0x08000aa0       0xe0 CMakeFiles/mini_rtos.elf.dir/i2c1.c.obj
                0x08000aa0                i2c1_init
 .text.abort_sequence
                0x08000b80       0x3c CMakeFiles/mini_rtos.elf.dir/i2c1.c.obj
 .text.i2c1_mem_write_byte
                0x08000bbc      0x1b4 CMakeFiles/mini_rtos.elf.dir/i2c1.c.obj
                0x08000bbc                i2c1_mem_write_byte
 .text.i2c1_mem_read
                0x08000d70      0x488 CMakeFiles/mini_rtos.elf.dir/i2c1.c.obj
                0x08000d70                i2c1_mem_read
 .text.dma_rx_clear_flags
                0x080011f8       0x18 CMakeFiles/mini_rtos.elf.dir/i2c1.c.obj
 .text.i2c1_dma_rx_isr
                0x08001210       0xb0 CMakeFiles/mini_rtos.elf.dir/i2c1.c.obj
                0x08001210                i2c1_dma_rx_isr
 .text.__NVIC_EnableIRQ
                0x080012c0       0x3c CMakeFiles/mini_rtos.elf.dir/bmi088.c.obj
 .text.__NVIC_SetPriority
                0x080012fc       0x54 CMakeFiles/mini_rtos.elf.dir/bmi088.c.obj
 .text.bmi088_attach_thread
                0x08001350       0x38 CMakeFiles/mini_rtos.elf.dir/bmi088.c.obj
                0x08001350                bmi088_attach_thread
 .text.delay_busy_us
                0x08001388       0x40 CMakeFiles/mini_rtos.elf.dir/bmi088.c.obj
 .text.delay_busy_ms
                0x080013c8       0x26 CMakeFiles/mini_rtos.elf.dir/bmi088.c.obj
 .text.acc_write
                0x080013ee       0x30 CMakeFiles/mini_rtos.elf.dir/bmi088.c.obj
 .text.gyro_write
                0x0800141e       0x30 CMakeFiles/mini_rtos.elf.dir/bmi088.c.obj
 .text.acc_read
                0x0800144e       0x30 CMakeFiles/mini_rtos.elf.dir/bmi088.c.obj
 .text.gyro_read
                0x0800147e       0x30 CMakeFiles/mini_rtos.elf.dir/bmi088.c.obj
 .text.bmi088_probe
                0x080014ae       0x86 CMakeFiles/mini_rtos.elf.dir/bmi088.c.obj
                0x080014ae                bmi088_probe
 .text.exti_setup_pb3_pb4_rising
                0x08001534       0xac CMakeFiles/mini_rtos.elf.dir/bmi088.c.obj
 .text.bmi088_init
                0x080015e0      0x1a2 CMakeFiles/mini_rtos.elf.dir/bmi088.c.obj
                0x080015e0                bmi088_init
 *fill*         0x08001782        0x2 
 .text.bmi088_exti_accel_isr
                0x08001784       0x34 CMakeFiles/mini_rtos.elf.dir/bmi088.c.obj
                0x08001784                bmi088_exti_accel_isr
 .text.bmi088_exti_gyro_isr
                0x080017b8       0x34 CMakeFiles/mini_rtos.elf.dir/bmi088.c.obj
                0x080017b8                bmi088_exti_gyro_isr
 .text.SystemInit
                0x080017ec       0x6c CMakeFiles/mini_rtos.elf.dir/system_stm32f4xx.c.obj
                0x080017ec                SystemInit
 .text.SystemCoreClockUpdate
                0x08001858       0xbc CMakeFiles/mini_rtos.elf.dir/system_stm32f4xx.c.obj
                0x08001858                SystemCoreClockUpdate
 .text.Reset_Handler
                0x08001914       0x50 CMakeFiles/mini_rtos.elf.dir/startup_stm32f446xx.s.obj
                0x08001914                Reset_Handler
 .text.Default_Handler
                0x08001964        0x2 CMakeFiles/mini_rtos.elf.dir/startup_stm32f446xx.s.obj
                0x08001964                RTC_Alarm_IRQHandler
                0x08001964                EXTI2_IRQHandler
                0x08001964                TIM8_CC_IRQHandler
                0x08001964                DebugMon_Handler
                0x08001964                FMPI2C1_EV_IRQHandler
                0x08001964                SPI4_IRQHandler
                0x08001964                TIM1_CC_IRQHandler
                0x08001964                DMA2_Stream5_IRQHandler
                0x08001964                HardFault_Handler
                0x08001964                DMA1_Stream5_IRQHandler
                0x08001964                PVD_IRQHandler
                0x08001964                SDIO_IRQHandler
                0x08001964                TAMP_STAMP_IRQHandler
                0x08001964                NMI_Handler
                0x08001964                CAN2_RX1_IRQHandler
                0x08001964                TIM8_TRG_COM_TIM14_IRQHandler
                0x08001964                TIM1_UP_TIM10_IRQHandler
                0x08001964                TIM8_UP_TIM13_IRQHandler
                0x08001964                I2C3_ER_IRQHandler
                0x08001964                EXTI0_IRQHandler
                0x08001964                I2C2_EV_IRQHandler
                0x08001964                DMA1_Stream2_IRQHandler
                0x08001964                CAN1_RX0_IRQHandler
                0x08001964                FPU_IRQHandler
                0x08001964                OTG_HS_WKUP_IRQHandler
                0x08001964                UsageFault_Handler
                0x08001964                CAN2_SCE_IRQHandler
                0x08001964                DMA2_Stream2_IRQHandler
                0x08001964                SPI1_IRQHandler
                0x08001964                TIM6_DAC_IRQHandler
                0x08001964                TIM1_BRK_TIM9_IRQHandler
                0x08001964                DCMI_IRQHandler
                0x08001964                CAN2_RX0_IRQHandler
                0x08001964                DMA2_Stream3_IRQHandler
                0x08001964                SAI2_IRQHandler
                0x08001964                USART6_IRQHandler
                0x08001964                USART3_IRQHandler
                0x08001964                CAN1_RX1_IRQHandler
                0x08001964                UART5_IRQHandler
                0x08001964                DMA2_Stream0_IRQHandler
                0x08001964                TIM4_IRQHandler
                0x08001964                QUADSPI_IRQHandler
                0x08001964                I2C1_EV_IRQHandler
                0x08001964                DMA1_Stream6_IRQHandler
                0x08001964                DMA1_Stream1_IRQHandler
                0x08001964                UART4_IRQHandler
                0x08001964                TIM3_IRQHandler
                0x08001964                RCC_IRQHandler
                0x08001964                TIM8_BRK_TIM12_IRQHandler
                0x08001964                Default_Handler
                0x08001964                CEC_IRQHandler
                0x08001964                EXTI15_10_IRQHandler
                0x08001964                ADC_IRQHandler
                0x08001964                DMA1_Stream7_IRQHandler
                0x08001964                TIM7_IRQHandler
                0x08001964                CAN2_TX_IRQHandler
                0x08001964                TIM5_IRQHandler
                0x08001964                DMA2_Stream7_IRQHandler
                0x08001964                I2C3_EV_IRQHandler
                0x08001964                EXTI9_5_IRQHandler
                0x08001964                RTC_WKUP_IRQHandler
                0x08001964                SPDIF_RX_IRQHandler
                0x08001964                SPI2_IRQHandler
                0x08001964                OTG_HS_EP1_IN_IRQHandler
                0x08001964                MemManage_Handler
                0x08001964                CAN1_TX_IRQHandler
                0x08001964                SVC_Handler
                0x08001964                FMPI2C1_ER_IRQHandler
                0x08001964                OTG_HS_EP1_OUT_IRQHandler
                0x08001964                WWDG_IRQHandler
                0x08001964                TIM2_IRQHandler
                0x08001964                OTG_FS_WKUP_IRQHandler
                0x08001964                TIM1_TRG_COM_TIM11_IRQHandler
                0x08001964                OTG_HS_IRQHandler
                0x08001964                EXTI1_IRQHandler
                0x08001964                USART2_IRQHandler
                0x08001964                I2C2_ER_IRQHandler
                0x08001964                DMA2_Stream1_IRQHandler
                0x08001964                CAN1_SCE_IRQHandler
                0x08001964                FLASH_IRQHandler
                0x08001964                DMA2_Stream4_IRQHandler
                0x08001964                BusFault_Handler
                0x08001964                USART1_IRQHandler
                0x08001964                OTG_FS_IRQHandler
                0x08001964                SPI3_IRQHandler
                0x08001964                DMA1_Stream4_IRQHandler
                0x08001964                I2C1_ER_IRQHandler
                0x08001964                FMC_IRQHandler
                0x08001964                DMA2_Stream6_IRQHandler
                0x08001964                SAI1_IRQHandler
                0x08001964                DMA1_Stream3_IRQHandler
 *fill*         0x08001966        0x2 
 .text.__libc_init_array
                0x08001968       0x48 C:/PROGRA~2/ARMGNU~1/14EFD8~1.2RE/bin/../lib/gcc/arm-none-eabi/14.2.1/thumb/v7e-m+fp/hard\libg_nano.a(libc_a-init.o)
                0x08001968                __libc_init_array
 *(.glue_7)
 .glue_7        0x080019b0        0x0 linker stubs
 *(.glue_7t)
 .glue_7t       0x080019b0        0x0 linker stubs
 *(.eh_frame)
 .eh_frame      0x080019b0        0x0 C:/PROGRA~2/ARMGNU~1/14EFD8~1.2RE/bin/../lib/gcc/arm-none-eabi/14.2.1/thumb/v7e-m+fp/hard/crtbegin.o
 *(.init)
 .init          0x080019b0        0x4 C:/PROGRA~2/ARMGNU~1/14EFD8~1.2RE/bin/../lib/gcc/arm-none-eabi/14.2.1/thumb/v7e-m+fp/hard/crti.o
                0x080019b0                _init
 .init          0x080019b4        0x8 C:/PROGRA~2/ARMGNU~1/14EFD8~1.2RE/bin/../lib/gcc/arm-none-eabi/14.2.1/thumb/v7e-m+fp/hard/crtn.o
 *(.fini)
 .fini          0x080019bc        0x4 C:/PROGRA~2/ARMGNU~1/14EFD8~1.2RE/bin/../lib/gcc/arm-none-eabi/14.2.1/thumb/v7e-m+fp/hard/crti.o
                0x080019bc                _fini
 .fini          0x080019c0        0x8 C:/PROGRA~2/ARMGNU~1/14EFD8~1.2RE/bin/../lib/gcc/arm-none-eabi/14.2.1/thumb/v7e-m+fp/hard/crtn.o
                0x080019c8                        . = ALIGN (0x4)
                0x080019c8                        _etext = .

.vfp11_veneer   0x080019c8        0x0
 .vfp11_veneer  0x080019c8        0x0 linker stubs

.v4_bx          0x080019c8        0x0
 .v4_bx         0x080019c8        0x0 linker stubs

.iplt           0x080019c8        0x0
 .iplt          0x080019c8        0x0 C:/PROGRA~2/ARMGNU~1/14EFD8~1.2RE/bin/../lib/gcc/arm-none-eabi/14.2.1/thumb/v7e-m+fp/hard/crtbegin.o

.rodata         0x080019c8       0x50
                0x080019c8                        . = ALIGN (0x4)
 *(.rodata)
 .rodata        0x080019c8        0x5 CMakeFiles/mini_rtos.elf.dir/main.c.obj
 *(.rodata*)
 *fill*         0x080019cd        0x3 
 .rodata.Q_this_module_
                0x080019d0       0x2e CMakeFiles/mini_rtos.elf.dir/miros.c.obj
 *fill*         0x080019fe        0x2 
 .rodata.apb1_div_table.0
                0x08001a00        0x8 CMakeFiles/mini_rtos.elf.dir/i2c1.c.obj
 .rodata.AHBPrescTable
                0x08001a08       0x10 CMakeFiles/mini_rtos.elf.dir/system_stm32f4xx.c.obj
                0x08001a08                AHBPrescTable
                0x08001a18                        . = ALIGN (0x4)

.rel.dyn        0x08001a18        0x0
 .rel.iplt      0x08001a18        0x0 C:/PROGRA~2/ARMGNU~1/14EFD8~1.2RE/bin/../lib/gcc/arm-none-eabi/14.2.1/thumb/v7e-m+fp/hard/crtbegin.o

.ARM.extab
 *(.ARM.extab* .gnu.linkonce.armextab.*)

.ARM            0x08001a18        0x0
                0x08001a18                        __exidx_start = .
 *(.ARM.exidx*)
                0x08001a18                        __exidx_end = .

.preinit_array  0x08001a18        0x0
                0x08001a18                        PROVIDE (__preinit_array_start = .)
 *(.preinit_array*)
                0x08001a18                        PROVIDE (__preinit_array_end = .)

.init_array     0x08001a18        0x4
                0x08001a18                        PROVIDE (__init_array_start = .)
 *(SORT_BY_NAME(.init_array.*))
 *(.init_array*)
 .init_array    0x08001a18        0x4 C:/PROGRA~2/ARMGNU~1/14EFD8~1.2RE/bin/../lib/gcc/arm-none-eabi/14.2.1/thumb/v7e-m+fp/hard/crtbegin.o
                0x08001a1c                        PROVIDE (__init_array_end = .)

.fini_array     0x08001a1c        0x4
                [!provide]                        PROVIDE (__fini_array_start = .)
 *(SORT_BY_NAME(.fini_array.*))
 *(.fini_array*)
 .fini_array    0x08001a1c        0x4 C:/PROGRA~2/ARMGNU~1/14EFD8~1.2RE/bin/../lib/gcc/arm-none-eabi/14.2.1/thumb/v7e-m+fp/hard/crtbegin.o
                [!provide]                        PROVIDE (__fini_array_end = .)
                0x08001a20                        _sidata = LOADADDR (.data)

.data           0x20000000        0x4 load address 0x08001a20
                0x20000000                        . = ALIGN (0x4)
                0x20000000                        _sdata = .
 *(.data)
 *(.data*)
 .data.SystemCoreClock
                0x20000000        0x4 CMakeFiles/mini_rtos.elf.dir/system_stm32f4xx.c.obj
                0x20000000                SystemCoreClock
                0x20000004                        . = ALIGN (0x4)
                0x20000004                        _edata = .

.tm_clone_table
                0x20000004        0x0 load address 0x08001a24
 .tm_clone_table
                0x20000004        0x0 C:/PROGRA~2/ARMGNU~1/14EFD8~1.2RE/bin/../lib/gcc/arm-none-eabi/14.2.1/thumb/v7e-m+fp/hard/crtbegin.o
 .tm_clone_table
                0x20000004        0x0 C:/PROGRA~2/ARMGNU~1/14EFD8~1.2RE/bin/../lib/gcc/arm-none-eabi/14.2.1/thumb/v7e-m+fp/hard/crtend.o

.igot.plt       0x20000004        0x0 load address 0x08001a24
 .igot.plt      0x20000004        0x0 C:/PROGRA~2/ARMGNU~1/14EFD8~1.2RE/bin/../lib/gcc/arm-none-eabi/14.2.1/thumb/v7e-m+fp/hard/crtbegin.o

.bss            0x20000004      0x37c load address 0x08001a24
                0x20000004                        . = ALIGN (0x4)
                0x20000004                        _sbss = .
                0x20000004                        __bss_start__ = _sbss
 *(.bss)
 *(.bss*)
 .bss.completed.1
                0x20000004        0x1 C:/PROGRA~2/ARMGNU~1/14EFD8~1.2RE/bin/../lib/gcc/arm-none-eabi/14.2.1/thumb/v7e-m+fp/hard/crtbegin.o
 *fill*         0x20000005        0x3 
 .bss.object.0  0x20000008       0x18 C:/PROGRA~2/ARMGNU~1/14EFD8~1.2RE/bin/../lib/gcc/arm-none-eabi/14.2.1/thumb/v7e-m+fp/hard/crtbegin.o
 .bss.stack_imu
                0x20000020      0x140 CMakeFiles/mini_rtos.elf.dir/main.c.obj
                0x20000020                stack_imu
 .bss.imuThread
                0x20000160       0x14 CMakeFiles/mini_rtos.elf.dir/main.c.obj
                0x20000160                imuThread
 .bss.stack_blinky1
                0x20000174       0xa0 CMakeFiles/mini_rtos.elf.dir/main.c.obj
                0x20000174                stack_blinky1
 .bss.blinky1   0x20000214       0x14 CMakeFiles/mini_rtos.elf.dir/main.c.obj
                0x20000214                blinky1
 .bss.stack_idleThread
                0x20000228       0xa0 CMakeFiles/mini_rtos.elf.dir/main.c.obj
                0x20000228                stack_idleThread
 .bss.OS_curr   0x200002c8        0x4 CMakeFiles/mini_rtos.elf.dir/miros.c.obj
                0x200002c8                OS_curr
 .bss.OS_next   0x200002cc        0x4 CMakeFiles/mini_rtos.elf.dir/miros.c.obj
                0x200002cc                OS_next
 .bss.OS_thread
                0x200002d0       0x80 CMakeFiles/mini_rtos.elf.dir/miros.c.obj
                0x200002d0                OS_thread
 .bss.OS_readySet
                0x20000350        0x4 CMakeFiles/mini_rtos.elf.dir/miros.c.obj
                0x20000350                OS_readySet
 .bss.idleThread
                0x20000354       0x14 CMakeFiles/mini_rtos.elf.dir/miros.c.obj
                0x20000354                idleThread
 .bss.s_dma_rx_thread
                0x20000368        0x4 CMakeFiles/mini_rtos.elf.dir/i2c1.c.obj
 .bss.s_dma_rx_evt
                0x2000036c        0x4 CMakeFiles/mini_rtos.elf.dir/i2c1.c.obj
 .bss.s_dma_rx_status
                0x20000370        0x1 CMakeFiles/mini_rtos.elf.dir/i2c1.c.obj
 .bss.s_dma_rx_busy
                0x20000371        0x1 CMakeFiles/mini_rtos.elf.dir/i2c1.c.obj
 *fill*         0x20000372        0x2 
 .bss.s_imu_thread
                0x20000374        0x4 CMakeFiles/mini_rtos.elf.dir/bmi088.c.obj
 .bss.s_evt_accel_drdy
                0x20000378        0x4 CMakeFiles/mini_rtos.elf.dir/bmi088.c.obj
 .bss.s_evt_gyro_drdy
                0x2000037c        0x4 CMakeFiles/mini_rtos.elf.dir/bmi088.c.obj
 *(COMMON)
                0x20000380                        . = ALIGN (0x4)
                0x20000380                        _ebss = .
                0x20000380                        __bss_end__ = _ebss

._user_heap_stack
                0x20000380      0x600 load address 0x08001a24
                0x20000380                        . = ALIGN (0x8)
                0x20000380                        PROVIDE (end = .)
                [!provide]                        PROVIDE (_end = .)
                0x20000580                        . = (. + _Min_Heap_Size)
 *fill*         0x20000380      0x200 
                0x20000980                        . = (. + _Min_Stack_Size)
 *fill*         0x20000580      0x400 
                0x20000980                        . = ALIGN (0x8)

/DISCARD/
 libc.a(*)
 libm.a(*)
 libgcc.a(*)

.ARM.attributes
                0x00000000       0x30
 *(.ARM.attributes)
 .ARM.attributes
                0x00000000       0x22 C:/PROGRA~2/ARMGNU~1/14EFD8~1.2RE/bin/../lib/gcc/arm-none-eabi/14.2.1/thumb/v7e-m+fp/hard/crti.o
 .ARM.attributes
                0x00000022       0x34 C:/PROGRA~2/ARMGNU~1/14EFD8~1.2RE/bin/../lib/gcc/arm-none-eabi/14.2.1/thumb/v7e-m+fp/hard/crtbegin.o
 .ARM.attributes
                0x00000056       0x34 CMakeFiles/mini_rtos.elf.dir/main.c.obj
 .ARM.attributes
                0x0000008a       0x34 CMakeFiles/mini_rtos.elf.dir/bsp.c.obj
 .ARM.attributes
                0x000000be       0x34 CMakeFiles/mini_rtos.elf.dir/miros.c.obj
 .ARM.attributes
                0x000000f2       0x34 CMakeFiles/mini_rtos.elf.dir/i2c1.c.obj
 .ARM.attributes
                0x00000126       0x34 CMakeFiles/mini_rtos.elf.dir/bmi088.c.obj
 .ARM.attributes
                0x0000015a       0x34 CMakeFiles/mini_rtos.elf.dir/system_stm32f4xx.c.obj
 .ARM.attributes
                0x0000018e       0x21 CMakeFiles/mini_rtos.elf.dir/startup_stm32f446xx.s.obj
 .ARM.attributes
                0x000001af       0x34 C:/PROGRA~2/ARMGNU~1/14EFD8~1.2RE/bin/../lib/gcc/arm-none-eabi/14.2.1/thumb/v7e-m+fp/hard\libg_nano.a(libc_a-init.o)
 .ARM.attributes
                0x000001e3       0x34 C:/PROGRA~2/ARMGNU~1/14EFD8~1.2RE/bin/../lib/gcc/arm-none-eabi/14.2.1/thumb/v7e-m+fp/hard/crtend.o
 .ARM.attributes
                0x00000217       0x22 C:/PROGRA~2/ARMGNU~1/14EFD8~1.2RE/bin/../lib/gcc/arm-none-eabi/14.2.1/thumb/v7e-m+fp/hard/crtn.o
OUTPUT(mini_rtos.elf elf32-littlearm)
LOAD linker stubs
LOAD C:/PROGRA~2/ARMGNU~1/14EFD8~1.2RE/bin/../lib/gcc/arm-none-eabi/14.2.1/thumb/v7e-m+fp/hard\libc.a
LOAD C:/PROGRA~2/ARMGNU~1/14EFD8~1.2RE/bin/../lib/gcc/arm-none-eabi/14.2.1/thumb/v7e-m+fp/hard\libm.a
LOAD C:/PROGRA~2/ARMGNU~1/14EFD8~1.2RE/bin/../lib/gcc/arm-none-eabi/14.2.1/thumb/v7e-m+fp/hard\libgcc.a

.debug_info     0x00000000     0x399c
 .debug_info    0x00000000      0x340 CMakeFiles/mini_rtos.elf.dir/main.c.obj
 .debug_info    0x00000340      0xbdd CMakeFiles/mini_rtos.elf.dir/bsp.c.obj
 .debug_info    0x00000f1d      0x626 CMakeFiles/mini_rtos.elf.dir/miros.c.obj
 .debug_info    0x00001543     0x10c5 CMakeFiles/mini_rtos.elf.dir/i2c1.c.obj
 .debug_info    0x00002608      0xe13 CMakeFiles/mini_rtos.elf.dir/bmi088.c.obj
 .debug_info    0x0000341b      0x551 CMakeFiles/mini_rtos.elf.dir/system_stm32f4xx.c.obj
 .debug_info    0x0000396c       0x30 CMakeFiles/mini_rtos.elf.dir/startup_stm32f446xx.s.obj

.debug_abbrev   0x00000000      0xdff
 .debug_abbrev  0x00000000      0x17e CMakeFiles/mini_rtos.elf.dir/main.c.obj
 .debug_abbrev  0x0000017e      0x261 CMakeFiles/mini_rtos.elf.dir/bsp.c.obj
 .debug_abbrev  0x000003df      0x2c6 CMakeFiles/mini_rtos.elf.dir/miros.c.obj
 .debug_abbrev  0x000006a5      0x347 CMakeFiles/mini_rtos.elf.dir/i2c1.c.obj
 .debug_abbrev  0x000009ec      0x2ce CMakeFiles/mini_rtos.elf.dir/bmi088.c.obj
 .debug_abbrev  0x00000cba      0x121 CMakeFiles/mini_rtos.elf.dir/system_stm32f4xx.c.obj
 .debug_abbrev  0x00000ddb       0x24 CMakeFiles/mini_rtos.elf.dir/startup_stm32f446xx.s.obj

.debug_aranges  0x00000000      0x2a8
 .debug_aranges
                0x00000000       0x30 CMakeFiles/mini_rtos.elf.dir/main.c.obj
 .debug_aranges
                0x00000030       0xb8 CMakeFiles/mini_rtos.elf.dir/bsp.c.obj
 .debug_aranges
                0x000000e8       0x70 CMakeFiles/mini_rtos.elf.dir/miros.c.obj
 .debug_aranges
                0x00000158       0x78 CMakeFiles/mini_rtos.elf.dir/i2c1.c.obj
 .debug_aranges
                0x000001d0       0x88 CMakeFiles/mini_rtos.elf.dir/bmi088.c.obj
 .debug_aranges
                0x00000258       0x28 CMakeFiles/mini_rtos.elf.dir/system_stm32f4xx.c.obj
 .debug_aranges
                0x00000280       0x28 CMakeFiles/mini_rtos.elf.dir/startup_stm32f446xx.s.obj

.debug_rnglists
                0x00000000      0x1e7
 .debug_rnglists
                0x00000000       0x1f CMakeFiles/mini_rtos.elf.dir/main.c.obj
 .debug_rnglists
                0x0000001f       0x86 CMakeFiles/mini_rtos.elf.dir/bsp.c.obj
 .debug_rnglists
                0x000000a5       0x51 CMakeFiles/mini_rtos.elf.dir/miros.c.obj
 .debug_rnglists
                0x000000f6       0x5a CMakeFiles/mini_rtos.elf.dir/i2c1.c.obj
 .debug_rnglists
                0x00000150       0x64 CMakeFiles/mini_rtos.elf.dir/bmi088.c.obj
 .debug_rnglists
                0x000001b4       0x1a CMakeFiles/mini_rtos.elf.dir/system_stm32f4xx.c.obj
 .debug_rnglists
                0x000001ce       0x19 CMakeFiles/mini_rtos.elf.dir/startup_stm32f446xx.s.obj

.debug_macro    0x00000000    0x1919c
 .debug_macro   0x00000000       0x9f CMakeFiles/mini_rtos.elf.dir/main.c.obj
 .debug_macro   0x0000009f      0xad2 CMakeFiles/mini_rtos.elf.dir/main.c.obj
 .debug_macro   0x00000b71       0x22 CMakeFiles/mini_rtos.elf.dir/main.c.obj
 .debug_macro   0x00000b93       0x8e CMakeFiles/mini_rtos.elf.dir/main.c.obj
 .debug_macro   0x00000c21       0x51 CMakeFiles/mini_rtos.elf.dir/main.c.obj
 .debug_macro   0x00000c72      0x103 CMakeFiles/mini_rtos.elf.dir/main.c.obj
 .debug_macro   0x00000d75       0x6a CMakeFiles/mini_rtos.elf.dir/main.c.obj
 .debug_macro   0x00000ddf      0x1df CMakeFiles/mini_rtos.elf.dir/main.c.obj
 .debug_macro   0x00000fbe       0x10 CMakeFiles/mini_rtos.elf.dir/main.c.obj
 .debug_macro   0x00000fce      0x25d CMakeFiles/mini_rtos.elf.dir/main.c.obj
 .debug_macro   0x0000122b       0xfe CMakeFiles/mini_rtos.elf.dir/bsp.c.obj
 .debug_macro   0x00001329       0x7e CMakeFiles/mini_rtos.elf.dir/bsp.c.obj
 .debug_macro   0x000013a7       0x28 CMakeFiles/mini_rtos.elf.dir/bsp.c.obj
 .debug_macro   0x000013cf       0x1c CMakeFiles/mini_rtos.elf.dir/bsp.c.obj
 .debug_macro   0x000013eb       0x22 CMakeFiles/mini_rtos.elf.dir/bsp.c.obj
 .debug_macro   0x0000140d       0xfb CMakeFiles/mini_rtos.elf.dir/bsp.c.obj
 .debug_macro   0x00001508     0x1011 CMakeFiles/mini_rtos.elf.dir/bsp.c.obj
 .debug_macro   0x00002519      0x11f CMakeFiles/mini_rtos.elf.dir/bsp.c.obj
 .debug_macro   0x00002638    0x1675e CMakeFiles/mini_rtos.elf.dir/bsp.c.obj
 .debug_macro   0x00018d96       0xd2 CMakeFiles/mini_rtos.elf.dir/miros.c.obj
 .debug_macro   0x00018e68       0xdf CMakeFiles/mini_rtos.elf.dir/i2c1.c.obj
 .debug_macro   0x00018f47       0xe6 CMakeFiles/mini_rtos.elf.dir/bmi088.c.obj
 .debug_macro   0x0001902d       0xd4 CMakeFiles/mini_rtos.elf.dir/system_stm32f4xx.c.obj
 .debug_macro   0x00019101       0x2e CMakeFiles/mini_rtos.elf.dir/system_stm32f4xx.c.obj
 .debug_macro   0x0001912f       0x6d CMakeFiles/mini_rtos.elf.dir/system_stm32f4xx.c.obj

.debug_line     0x00000000     0x23f4
 .debug_line    0x00000000      0x25b CMakeFiles/mini_rtos.elf.dir/main.c.obj
 .debug_line    0x0000025b      0x5d3 CMakeFiles/mini_rtos.elf.dir/bsp.c.obj
 .debug_line    0x0000082e      0x5b9 CMakeFiles/mini_rtos.elf.dir/miros.c.obj
 .debug_line    0x00000de7      0xb6c CMakeFiles/mini_rtos.elf.dir/i2c1.c.obj
 .debug_line    0x00001953      0x6a4 CMakeFiles/mini_rtos.elf.dir/bmi088.c.obj
 .debug_line    0x00001ff7      0x383 CMakeFiles/mini_rtos.elf.dir/system_stm32f4xx.c.obj
 .debug_line    0x0000237a       0x7a CMakeFiles/mini_rtos.elf.dir/startup_stm32f446xx.s.obj

.debug_str      0x00000000    0x8cfcd
 .debug_str     0x00000000    0x8cfcd CMakeFiles/mini_rtos.elf.dir/main.c.obj
                               0x4aea (size before relaxing)
 .debug_str     0x0008cfcd    0x8c234 CMakeFiles/mini_rtos.elf.dir/bsp.c.obj
 .debug_str     0x0008cfcd    0x8afab CMakeFiles/mini_rtos.elf.dir/miros.c.obj
 .debug_str     0x0008cfcd    0x8b51c CMakeFiles/mini_rtos.elf.dir/i2c1.c.obj
 .debug_str     0x0008cfcd    0x8bfb9 CMakeFiles/mini_rtos.elf.dir/bmi088.c.obj
 .debug_str     0x0008cfcd    0x8b35e CMakeFiles/mini_rtos.elf.dir/system_stm32f4xx.c.obj
 .debug_str     0x0008cfcd       0x8a CMakeFiles/mini_rtos.elf.dir/startup_stm32f446xx.s.obj

.comment        0x00000000       0x45
 .comment       0x00000000       0x45 CMakeFiles/mini_rtos.elf.dir/main.c.obj
                                 0x46 (size before relaxing)
 .comment       0x00000045       0x46 CMakeFiles/mini_rtos.elf.dir/bsp.c.obj
 .comment       0x00000045       0x46 CMakeFiles/mini_rtos.elf.dir/miros.c.obj
 .comment       0x00000045       0x46 CMakeFiles/mini_rtos.elf.dir/i2c1.c.obj
 .comment       0x00000045       0x46 CMakeFiles/mini_rtos.elf.dir/bmi088.c.obj
 .comment       0x00000045       0x46 CMakeFiles/mini_rtos.elf.dir/system_stm32f4xx.c.obj

.debug_frame    0x00000000      0x8a4
 .debug_frame   0x00000000       0x70 CMakeFiles/mini_rtos.elf.dir/main.c.obj
 .debug_frame   0x00000070      0x264 CMakeFiles/mini_rtos.elf.dir/bsp.c.obj
 .debug_frame   0x000002d4      0x180 CMakeFiles/mini_rtos.elf.dir/miros.c.obj
 .debug_frame   0x00000454      0x1cc CMakeFiles/mini_rtos.elf.dir/i2c1.c.obj
 .debug_frame   0x00000620      0x200 CMakeFiles/mini_rtos.elf.dir/bmi088.c.obj
 .debug_frame   0x00000820       0x58 CMakeFiles/mini_rtos.elf.dir/system_stm32f4xx.c.obj
 .debug_frame   0x00000878       0x2c C:/PROGRA~2/ARMGNU~1/14EFD8~1.2RE/bin/../lib/gcc/arm-none-eabi/14.2.1/thumb/v7e-m+fp/hard\libg_nano.a(libc_a-init.o)

.debug_line_str
                0x00000000       0x6e
 .debug_line_str
                0x00000000       0x6e CMakeFiles/mini_rtos.elf.dir/startup_stm32f446xx.s.obj

Cross Reference Table

Symbol                                            File
ADC_IRQHandler                                    CMakeFiles/mini_rtos.elf.dir/startup_stm32f446xx.s.obj
AHBPrescTable                                     CMakeFiles/mini_rtos.elf.dir/system_stm32f4xx.c.obj
APBPrescTable                                     CMakeFiles/mini_rtos.elf.dir/system_stm32f4xx.c.obj
BSP_init                                          CMakeFiles/mini_rtos.elf.dir/bsp.c.obj
                                                  CMakeFiles/mini_rtos.elf.dir/main.c.obj
BSP_ledBlueOff                                    CMakeFiles/mini_rtos.elf.dir/bsp.c.obj
BSP_ledBlueOn                                     CMakeFiles/mini_rtos.elf.dir/bsp.c.obj
BSP_ledGreenOff                                   CMakeFiles/mini_rtos.elf.dir/bsp.c.obj
                                                  CMakeFiles/mini_rtos.elf.dir/main.c.obj
BSP_ledGreenOn                                    CMakeFiles/mini_rtos.elf.dir/bsp.c.obj
                                                  CMakeFiles/mini_rtos.elf.dir/main.c.obj
BSP_ledRedOff                                     CMakeFiles/mini_rtos.elf.dir/bsp.c.obj
BSP_ledRedOn                                      CMakeFiles/mini_rtos.elf.dir/bsp.c.obj
BusFault_Handler                                  CMakeFiles/mini_rtos.elf.dir/startup_stm32f446xx.s.obj
CAN1_RX0_IRQHandler                               CMakeFiles/mini_rtos.elf.dir/startup_stm32f446xx.s.obj
CAN1_RX1_IRQHandler                               CMakeFiles/mini_rtos.elf.dir/startup_stm32f446xx.s.obj
CAN1_SCE_IRQHandler                               CMakeFiles/mini_rtos.elf.dir/startup_stm32f446xx.s.obj
CAN1_TX_IRQHandler                                CMakeFiles/mini_rtos.elf.dir/startup_stm32f446xx.s.obj
CAN2_RX0_IRQHandler                               CMakeFiles/mini_rtos.elf.dir/startup_stm32f446xx.s.obj
CAN2_RX1_IRQHandler                               CMakeFiles/mini_rtos.elf.dir/startup_stm32f446xx.s.obj
CAN2_SCE_IRQHandler                               CMakeFiles/mini_rtos.elf.dir/startup_stm32f446xx.s.obj
CAN2_TX_IRQHandler                                CMakeFiles/mini_rtos.elf.dir/startup_stm32f446xx.s.obj
CEC_IRQHandler                                    CMakeFiles/mini_rtos.elf.dir/startup_stm32f446xx.s.obj
DCMI_IRQHandler                                   CMakeFiles/mini_rtos.elf.dir/startup_stm32f446xx.s.obj
DMA1_Stream0_IRQHandler                           CMakeFiles/mini_rtos.elf.dir/bsp.c.obj
DMA1_Stream1_IRQHandler                           CMakeFiles/mini_rtos.elf.dir/startup_stm32f446xx.s.obj
DMA1_Stream2_IRQHandler                           CMakeFiles/mini_rtos.elf.dir/startup_stm32f446xx.s.obj
DMA1_Stream3_IRQHandler                           CMakeFiles/mini_rtos.elf.dir/startup_stm32f446xx.s.obj
DMA1_Stream4_IRQHandler                           CMakeFiles/mini_rtos.elf.dir/startup_stm32f446xx.s.obj
DMA1_Stream5_IRQHandler                           CMakeFiles/mini_rtos.elf.dir/startup_stm32f446xx.s.obj
DMA1_Stream6_IRQHandler                           CMakeFiles/mini_rtos.elf.dir/startup_stm32f446xx.s.obj
DMA1_Stream7_IRQHandler                           CMakeFiles/mini_rtos.elf.dir/startup_stm32f446xx.s.obj
DMA2_Stream0_IRQHandler                           CMakeFiles/mini_rtos.elf.dir/startup_stm32f446xx.s.obj
DMA2_Stream1_IRQHandler                           CMakeFiles/mini_rtos.elf.dir/startup_stm32f446xx.s.obj
DMA2_Stream2_IRQHandler                           CMakeFiles/mini_rtos.elf.dir/startup_stm32f446xx.s.obj
DMA2_Stream3_IRQHandler                           CMakeFiles/mini_rtos.elf.dir/startup_stm32f446xx.s.obj
DMA2_Stream4_IRQHandler                           CMakeFiles/mini_rtos.elf.dir/startup_stm32f446xx.s.obj
DMA2_Stream5_IRQHandler                           CMakeFiles/mini_rtos.elf.dir/startup_stm32f446xx.s.obj
DMA2_Stream6_IRQHandler                           CMakeFiles/mini_rtos.elf.dir/startup_stm32f446xx.s.obj
DMA2_Stream7_IRQHandler                           CMakeFiles/mini_rtos.elf.dir/startup_stm32f446xx.s.obj
DebugMon_Handler                                  CMakeFiles/mini_rtos.elf.dir/startup_stm32f446xx.s.obj
Default_Handler                                   CMakeFiles/mini_rtos.elf.dir/startup_stm32f446xx.s.obj
EXTI0_IRQHandler                                  CMakeFiles/mini_rtos.elf.dir/startup_stm32f446xx.s.obj
EXTI15_10_IRQHandler                              CMakeFiles/mini_rtos.elf.dir/startup_stm32f446xx.s.obj
EXTI1_IRQHandler                                  CMakeFiles/mini_rtos.elf.dir/startup_stm32f446xx.s.obj
EXTI2_IRQHandler                                  CMakeFiles/mini_rtos.elf.dir/startup_stm32f446xx.s.obj
EXTI3_IRQHandler                                  CMakeFiles/mini_rtos.elf.dir/bsp.c.obj
EXTI4_IRQHandler                                  CMakeFiles/mini_rtos.elf.dir/bsp.c.obj
EXTI9_5_IRQHandler                                CMakeFiles/mini_rtos.elf.dir/startup_stm32f446xx.s.obj
FLASH_IRQHandler                                  CMakeFiles/mini_rtos.elf.dir/startup_stm32f446xx.s.obj
FMC_IRQHandler                                    CMakeFiles/mini_rtos.elf.dir/startup_stm32f446xx.s.obj
FMPI2C1_ER_IRQHandler                             CMakeFiles/mini_rtos.elf.dir/startup_stm32f446xx.s.obj
FMPI2C1_EV_IRQHandler                             CMakeFiles/mini_rtos.elf.dir/startup_stm32f446xx.s.obj
FPU_IRQHandler                                    CMakeFiles/mini_rtos.elf.dir/startup_stm32f446xx.s.obj
HardFault_Handler                                 CMakeFiles/mini_rtos.elf.dir/startup_stm32f446xx.s.obj
I2C1_ER_IRQHandler                                CMakeFiles/mini_rtos.elf.dir/startup_stm32f446xx.s.obj
I2C1_EV_IRQHandler                                CMakeFiles/mini_rtos.elf.dir/startup_stm32f446xx.s.obj
I2C2_ER_IRQHandler                                CMakeFiles/mini_rtos.elf.dir/startup_stm32f446xx.s.obj
I2C2_EV_IRQHandler                                CMakeFiles/mini_rtos.elf.dir/startup_stm32f446xx.s.obj
I2C3_ER_IRQHandler                                CMakeFiles/mini_rtos.elf.dir/startup_stm32f446xx.s.obj
I2C3_EV_IRQHandler                                CMakeFiles/mini_rtos.elf.dir/startup_stm32f446xx.s.obj
MemManage_Handler                                 CMakeFiles/mini_rtos.elf.dir/startup_stm32f446xx.s.obj
NMI_Handler                                       CMakeFiles/mini_rtos.elf.dir/startup_stm32f446xx.s.obj
OSThread_start                                    CMakeFiles/mini_rtos.elf.dir/miros.c.obj
                                                  CMakeFiles/mini_rtos.elf.dir/main.c.obj
OS_curr                                           CMakeFiles/mini_rtos.elf.dir/miros.c.obj
OS_delay                                          CMakeFiles/mini_rtos.elf.dir/miros.c.obj
                                                  CMakeFiles/mini_rtos.elf.dir/main.c.obj
OS_evtSignal                                      CMakeFiles/mini_rtos.elf.dir/miros.c.obj
OS_evtSignal_FromISR                              CMakeFiles/mini_rtos.elf.dir/miros.c.obj
                                                  CMakeFiles/mini_rtos.elf.dir/bmi088.c.obj
                                                  CMakeFiles/mini_rtos.elf.dir/i2c1.c.obj
OS_evtWait                                        CMakeFiles/mini_rtos.elf.dir/miros.c.obj
                                                  CMakeFiles/mini_rtos.elf.dir/main.c.obj
OS_init                                           CMakeFiles/mini_rtos.elf.dir/miros.c.obj
                                                  CMakeFiles/mini_rtos.elf.dir/main.c.obj
OS_next                                           CMakeFiles/mini_rtos.elf.dir/miros.c.obj
OS_onIdle                                         CMakeFiles/mini_rtos.elf.dir/bsp.c.obj
                                                  CMakeFiles/mini_rtos.elf.dir/miros.c.obj
OS_onStartup                                      CMakeFiles/mini_rtos.elf.dir/bsp.c.obj
                                                  CMakeFiles/mini_rtos.elf.dir/miros.c.obj
OS_readySet                                       CMakeFiles/mini_rtos.elf.dir/miros.c.obj
OS_run                                            CMakeFiles/mini_rtos.elf.dir/miros.c.obj
                                                  CMakeFiles/mini_rtos.elf.dir/main.c.obj
OS_sched                                          CMakeFiles/mini_rtos.elf.dir/miros.c.obj
                                                  CMakeFiles/mini_rtos.elf.dir/bsp.c.obj
OS_thread                                         CMakeFiles/mini_rtos.elf.dir/miros.c.obj
OS_tick                                           CMakeFiles/mini_rtos.elf.dir/miros.c.obj
                                                  CMakeFiles/mini_rtos.elf.dir/bsp.c.obj
OTG_FS_IRQHandler                                 CMakeFiles/mini_rtos.elf.dir/startup_stm32f446xx.s.obj
OTG_FS_WKUP_IRQHandler                            CMakeFiles/mini_rtos.elf.dir/startup_stm32f446xx.s.obj
OTG_HS_EP1_IN_IRQHandler                          CMakeFiles/mini_rtos.elf.dir/startup_stm32f446xx.s.obj
OTG_HS_EP1_OUT_IRQHandler                         CMakeFiles/mini_rtos.elf.dir/startup_stm32f446xx.s.obj
OTG_HS_IRQHandler                                 CMakeFiles/mini_rtos.elf.dir/startup_stm32f446xx.s.obj
OTG_HS_WKUP_IRQHandler                            CMakeFiles/mini_rtos.elf.dir/startup_stm32f446xx.s.obj
PVD_IRQHandler                                    CMakeFiles/mini_rtos.elf.dir/startup_stm32f446xx.s.obj
PendSV_Handler                                    CMakeFiles/mini_rtos.elf.dir/miros.c.obj
QUADSPI_IRQHandler                                CMakeFiles/mini_rtos.elf.dir/startup_stm32f446xx.s.obj
Q_onAssert                                        CMakeFiles/mini_rtos.elf.dir/bsp.c.obj
                                                  CMakeFiles/mini_rtos.elf.dir/miros.c.obj
RCC_IRQHandler                                    CMakeFiles/mini_rtos.elf.dir/startup_stm32f446xx.s.obj
RTC_Alarm_IRQHandler                              CMakeFiles/mini_rtos.elf.dir/startup_stm32f446xx.s.obj
RTC_WKUP_IRQHandler                               CMakeFiles/mini_rtos.elf.dir/startup_stm32f446xx.s.obj
Reset_Handler                                     CMakeFiles/mini_rtos.elf.dir/startup_stm32f446xx.s.obj
SAI1_IRQHandler                                   CMakeFiles/mini_rtos.elf.dir/startup_stm32f446xx.s.obj
SAI2_IRQHandler                                   CMakeFiles/mini_rtos.elf.dir/startup_stm32f446xx.s.obj
SDIO_IRQHandler                                   CMakeFiles/mini_rtos.elf.dir/startup_stm32f446xx.s.obj
SPDIF_RX_IRQHandler                               CMakeFiles/mini_rtos.elf.dir/startup_stm32f446xx.s.obj
SPI1_IRQHandler                                   CMakeFiles/mini_rtos.elf.dir/startup_stm32f446xx.s.obj
SPI2_IRQHandler                                   CMakeFiles/mini_rtos.elf.dir/startup_stm32f446xx.s.obj
SPI3_IRQHandler                                   CMakeFiles/mini_rtos.elf.dir/startup_stm32f446xx.s.obj
SPI4_IRQHandler                                   CMakeFiles/mini_rtos.elf.dir/startup_stm32f446xx.s.obj
SVC_Handler                                       CMakeFiles/mini_rtos.elf.dir/startup_stm32f446xx.s.obj
SysTick_Handler                                   CMakeFiles/mini_rtos.elf.dir/bsp.c.obj
SystemClock_Config                                CMakeFiles/mini_rtos.elf.dir/bsp.c.obj
                                                  CMakeFiles/mini_rtos.elf.dir/main.c.obj
SystemCoreClock                                   CMakeFiles/mini_rtos.elf.dir/system_stm32f4xx.c.obj
                                                  CMakeFiles/mini_rtos.elf.dir/bmi088.c.obj
                                                  CMakeFiles/mini_rtos.elf.dir/i2c1.c.obj
                                                  CMakeFiles/mini_rtos.elf.dir/bsp.c.obj
SystemCoreClockUpdate                             CMakeFiles/mini_rtos.elf.dir/system_stm32f4xx.c.obj
                                                  CMakeFiles/mini_rtos.elf.dir/bsp.c.obj
SystemInit                                        CMakeFiles/mini_rtos.elf.dir/system_stm32f4xx.c.obj
                                                  CMakeFiles/mini_rtos.elf.dir/startup_stm32f446xx.s.obj
TAMP_STAMP_IRQHandler                             CMakeFiles/mini_rtos.elf.dir/startup_stm32f446xx.s.obj
TIM1_BRK_TIM9_IRQHandler                          CMakeFiles/mini_rtos.elf.dir/startup_stm32f446xx.s.obj
TIM1_CC_IRQHandler                                CMakeFiles/mini_rtos.elf.dir/startup_stm32f446xx.s.obj
TIM1_TRG_COM_TIM11_IRQHandler                     CMakeFiles/mini_rtos.elf.dir/startup_stm32f446xx.s.obj
TIM1_UP_TIM10_IRQHandler                          CMakeFiles/mini_rtos.elf.dir/startup_stm32f446xx.s.obj
TIM2_IRQHandler                                   CMakeFiles/mini_rtos.elf.dir/startup_stm32f446xx.s.obj
TIM3_IRQHandler                                   CMakeFiles/mini_rtos.elf.dir/startup_stm32f446xx.s.obj
TIM4_IRQHandler                                   CMakeFiles/mini_rtos.elf.dir/startup_stm32f446xx.s.obj
TIM5_IRQHandler                                   CMakeFiles/mini_rtos.elf.dir/startup_stm32f446xx.s.obj
TIM6_DAC_IRQHandler                               CMakeFiles/mini_rtos.elf.dir/startup_stm32f446xx.s.obj
TIM7_IRQHandler                                   CMakeFiles/mini_rtos.elf.dir/startup_stm32f446xx.s.obj
TIM8_BRK_TIM12_IRQHandler                         CMakeFiles/mini_rtos.elf.dir/startup_stm32f446xx.s.obj
TIM8_CC_IRQHandler                                CMakeFiles/mini_rtos.elf.dir/startup_stm32f446xx.s.obj
TIM8_TRG_COM_TIM14_IRQHandler                     CMakeFiles/mini_rtos.elf.dir/startup_stm32f446xx.s.obj
TIM8_UP_TIM13_IRQHandler                          CMakeFiles/mini_rtos.elf.dir/startup_stm32f446xx.s.obj
UART4_IRQHandler                                  CMakeFiles/mini_rtos.elf.dir/startup_stm32f446xx.s.obj
UART5_IRQHandler                                  CMakeFiles/mini_rtos.elf.dir/startup_stm32f446xx.s.obj
USART1_IRQHandler                                 CMakeFiles/mini_rtos.elf.dir/startup_stm32f446xx.s.obj
USART2_IRQHandler                                 CMakeFiles/mini_rtos.elf.dir/startup_stm32f446xx.s.obj
USART3_IRQHandler                                 CMakeFiles/mini_rtos.elf.dir/startup_stm32f446xx.s.obj
USART6_IRQHandler                                 CMakeFiles/mini_rtos.elf.dir/startup_stm32f446xx.s.obj
UsageFault_Handler                                CMakeFiles/mini_rtos.elf.dir/startup_stm32f446xx.s.obj
WWDG_IRQHandler                                   CMakeFiles/mini_rtos.elf.dir/startup_stm32f446xx.s.obj
_ITM_deregisterTMCloneTable                       C:/PROGRA~2/ARMGNU~1/14EFD8~1.2RE/bin/../lib/gcc/arm-none-eabi/14.2.1/thumb/v7e-m+fp/hard/crtbegin.o
_ITM_registerTMCloneTable                         C:/PROGRA~2/ARMGNU~1/14EFD8~1.2RE/bin/../lib/gcc/arm-none-eabi/14.2.1/thumb/v7e-m+fp/hard/crtbegin.o
__TMC_END__                                       C:/PROGRA~2/ARMGNU~1/14EFD8~1.2RE/bin/../lib/gcc/arm-none-eabi/14.2.1/thumb/v7e-m+fp/hard/crtend.o
                                                  C:/PROGRA~2/ARMGNU~1/14EFD8~1.2RE/bin/../lib/gcc/arm-none-eabi/14.2.1/thumb/v7e-m+fp/hard/crtbegin.o
__bss_end__                                       C:/PROGRA~2/ARMGNU~1/14EFD8~1.2RE/bin/../lib/gcc/arm-none-eabi/14.2.1/thumb/v7e-m+fp/hard/crt0.o
__bss_start__                                     C:/PROGRA~2/ARMGNU~1/14EFD8~1.2RE/bin/../lib/gcc/arm-none-eabi/14.2.1/thumb/v7e-m+fp/hard/crt0.o
__call_exitprocs                                  C:/PROGRA~2/ARMGNU~1/14EFD8~1.2RE/bin/../lib/gcc/arm-none-eabi/14.2.1/thumb/v7e-m+fp/hard\libg_nano.a(libc_a-exit.o)
__deregister_frame_info                           C:/PROGRA~2/ARMGNU~1/14EFD8~1.2RE/bin/../lib/gcc/arm-none-eabi/14.2.1/thumb/v7e-m+fp/hard/crtbegin.o
__dso_handle                                      C:/PROGRA~2/ARMGNU~1/14EFD8~1.2RE/bin/../lib/gcc/arm-none-eabi/14.2.1/thumb/v7e-m+fp/hard/crtbegin.o
__fp_lock_all                                     C:/PROGRA~2/ARMGNU~1/14EFD8~1.2RE/bin/../lib/gcc/arm-none-eabi/14.2.1/thumb/v7e-m+fp/hard\libg_nano.a(libc_a-findfp.o)
__fp_unlock_all                                   C:/PROGRA~2/ARMGNU~1/14EFD8~1.2RE/bin/../lib/gcc/arm-none-eabi/14.2.1/thumb/v7e-m+fp/hard\libg_nano.a(libc_a-findfp.o)
__init_array_end                                  C:/PROGRA~2/ARMGNU~1/14EFD8~1.2RE/bin/../lib/gcc/arm-none-eabi/14.2.1/thumb/v7e-m+fp/hard\libg_nano.a(libc_a-init.o)
__init_array_start                                C:/PROGRA~2/ARMGNU~1/14EFD8~1.2RE/bin/../lib/gcc/arm-none-eabi/14.2.1/thumb/v7e-m+fp/hard\libg_nano.a(libc_a-init.o)
__libc_fini_array                                 C:/PROGRA~2/ARMGNU~1/14EFD8~1.2RE/bin/../lib/gcc/arm-none-eabi/14.2.1/thumb/v7e-m+fp/hard/crt0.o
__libc_init_array                                 C:/PROGRA~2/ARMGNU~1/14EFD8~1.2RE/bin/../lib/gcc/arm-none-eabi/14.2.1/thumb/v7e-m+fp/hard\libg_nano.a(libc_a-init.o)
                                                  CMakeFiles/mini_rtos.elf.dir/startup_stm32f446xx.s.obj
                                                  C:/PROGRA~2/ARMGNU~1/14EFD8~1.2RE/bin/../lib/gcc/arm-none-eabi/14.2.1/thumb/v7e-m+fp/hard/crt0.o
__lock___arc4random_mutex                         C:/PROGRA~2/ARMGNU~1/14EFD8~1.2RE/bin/../lib/gcc/arm-none-eabi/14.2.1/thumb/v7e-m+fp/hard\libg_nano.a(libc_a-lock.o)
__lock___at_quick_exit_mutex                      C:/PROGRA~2/ARMGNU~1/14EFD8~1.2RE/bin/../lib/gcc/arm-none-eabi/14.2.1/thumb/v7e-m+fp/hard\libg_nano.a(libc_a-lock.o)
__lock___atexit_recursive_mutex                   C:/PROGRA~2/ARMGNU~1/14EFD8~1.2RE/bin/../lib/gcc/arm-none-eabi/14.2.1/thumb/v7e-m+fp/hard\libg_nano.a(libc_a-lock.o)
__lock___dd_hash_mutex                            C:/PROGRA~2/ARMGNU~1/14EFD8~1.2RE/bin/../lib/gcc/arm-none-eabi/14.2.1/thumb/v7e-m+fp/hard\libg_nano.a(libc_a-lock.o)
__lock___env_recursive_mutex                      C:/PROGRA~2/ARMGNU~1/14EFD8~1.2RE/bin/../lib/gcc/arm-none-eabi/14.2.1/thumb/v7e-m+fp/hard\libg_nano.a(libc_a-lock.o)
__lock___malloc_recursive_mutex                   C:/PROGRA~2/ARMGNU~1/14EFD8~1.2RE/bin/../lib/gcc/arm-none-eabi/14.2.1/thumb/v7e-m+fp/hard\libg_nano.a(libc_a-lock.o)
                                                  C:/PROGRA~2/ARMGNU~1/14EFD8~1.2RE/bin/../lib/gcc/arm-none-eabi/14.2.1/thumb/v7e-m+fp/hard\libg_nano.a(libc_a-mlock.o)
__lock___sfp_recursive_mutex                      C:/PROGRA~2/ARMGNU~1/14EFD8~1.2RE/bin/../lib/gcc/arm-none-eabi/14.2.1/thumb/v7e-m+fp/hard\libg_nano.a(libc_a-lock.o)
                                                  C:/PROGRA~2/ARMGNU~1/14EFD8~1.2RE/bin/../lib/gcc/arm-none-eabi/14.2.1/thumb/v7e-m+fp/hard\libg_nano.a(libc_a-findfp.o)
__lock___tz_mutex                                 C:/PROGRA~2/ARMGNU~1/14EFD8~1.2RE/bin/../lib/gcc/arm-none-eabi/14.2.1/thumb/v7e-m+fp/hard\libg_nano.a(libc_a-lock.o)
__malloc_free_list                                C:/PROGRA~2/ARMGNU~1/14EFD8~1.2RE/bin/../lib/gcc/arm-none-eabi/14.2.1/thumb/v7e-m+fp/hard\libg_nano.a(libc_a-mallocr.o)
                                                  C:/PROGRA~2/ARMGNU~1/14EFD8~1.2RE/bin/../lib/gcc/arm-none-eabi/14.2.1/thumb/v7e-m+fp/hard\libg_nano.a(libc_a-freer.o)
__malloc_lock                                     C:/PROGRA~2/ARMGNU~1/14EFD8~1.2RE/bin/../lib/gcc/arm-none-eabi/14.2.1/thumb/v7e-m+fp/hard\libg_nano.a(libc_a-mlock.o)
                                                  C:/PROGRA~2/ARMGNU~1/14EFD8~1.2RE/bin/../lib/gcc/arm-none-eabi/14.2.1/thumb/v7e-m+fp/hard\libg_nano.a(libc_a-mallocr.o)
                                                  C:/PROGRA~2/ARMGNU~1/14EFD8~1.2RE/bin/../lib/gcc/arm-none-eabi/14.2.1/thumb/v7e-m+fp/hard\libg_nano.a(libc_a-freer.o)
__malloc_sbrk_start                               C:/PROGRA~2/ARMGNU~1/14EFD8~1.2RE/bin/../lib/gcc/arm-none-eabi/14.2.1/thumb/v7e-m+fp/hard\libg_nano.a(libc_a-mallocr.o)
__malloc_unlock                                   C:/PROGRA~2/ARMGNU~1/14EFD8~1.2RE/bin/../lib/gcc/arm-none-eabi/14.2.1/thumb/v7e-m+fp/hard\libg_nano.a(libc_a-mlock.o)
                                                  C:/PROGRA~2/ARMGNU~1/14EFD8~1.2RE/bin/../lib/gcc/arm-none-eabi/14.2.1/thumb/v7e-m+fp/hard\libg_nano.a(libc_a-mallocr.o)
                                                  C:/PROGRA~2/ARMGNU~1/14EFD8~1.2RE/bin/../lib/gcc/arm-none-eabi/14.2.1/thumb/v7e-m+fp/hard\libg_nano.a(libc_a-freer.o)
__preinit_array_end                               C:/PROGRA~2/ARMGNU~1/14EFD8~1.2RE/bin/../lib/gcc/arm-none-eabi/14.2.1/thumb/v7e-m+fp/hard\libg_nano.a(libc_a-init.o)
__preinit_array_start                             C:/PROGRA~2/ARMGNU~1/14EFD8~1.2RE/bin/../lib/gcc/arm-none-eabi/14.2.1/thumb/v7e-m+fp/hard\libg_nano.a(libc_a-init.o)
__register_frame_info                             C:/PROGRA~2/ARMGNU~1/14EFD8~1.2RE/bin/../lib/gcc/arm-none-eabi/14.2.1/thumb/v7e-m+fp/hard/crtbegin.o
__retarget_lock_acquire                           C:/PROGRA~2/ARMGNU~1/14EFD8~1.2RE/bin/../lib/gcc/arm-none-eabi/14.2.1/thumb/v7e-m+fp/hard\libg_nano.a(libc_a-lock.o)
__retarget_lock_acquire_recursive                 C:/PROGRA~2/ARMGNU~1/14EFD8~1.2RE/bin/../lib/gcc/arm-none-eabi/14.2.1/thumb/v7e-m+fp/hard\libg_nano.a(libc_a-lock.o)
                                                  C:/PROGRA~2/ARMGNU~1/14EFD8~1.2RE/bin/../lib/gcc/arm-none-eabi/14.2.1/thumb/v7e-m+fp/hard\libg_nano.a(libc_a-fflush.o)
                                                  C:/PROGRA~2/ARMGNU~1/14EFD8~1.2RE/bin/../lib/gcc/arm-none-eabi/14.2.1/thumb/v7e-m+fp/hard\libg_nano.a(libc_a-mlock.o)
                                                  C:/PROGRA~2/ARMGNU~1/14EFD8~1.2RE/bin/../lib/gcc/arm-none-eabi/14.2.1/thumb/v7e-m+fp/hard\libg_nano.a(libc_a-findfp.o)
__retarget_lock_close                             C:/PROGRA~2/ARMGNU~1/14EFD8~1.2RE/bin/../lib/gcc/arm-none-eabi/14.2.1/thumb/v7e-m+fp/hard\libg_nano.a(libc_a-lock.o)
__retarget_lock_close_recursive                   C:/PROGRA~2/ARMGNU~1/14EFD8~1.2RE/bin/../lib/gcc/arm-none-eabi/14.2.1/thumb/v7e-m+fp/hard\libg_nano.a(libc_a-lock.o)
__retarget_lock_init                              C:/PROGRA~2/ARMGNU~1/14EFD8~1.2RE/bin/../lib/gcc/arm-none-eabi/14.2.1/thumb/v7e-m+fp/hard\libg_nano.a(libc_a-lock.o)
__retarget_lock_init_recursive                    C:/PROGRA~2/ARMGNU~1/14EFD8~1.2RE/bin/../lib/gcc/arm-none-eabi/14.2.1/thumb/v7e-m+fp/hard\libg_nano.a(libc_a-lock.o)
                                                  C:/PROGRA~2/ARMGNU~1/14EFD8~1.2RE/bin/../lib/gcc/arm-none-eabi/14.2.1/thumb/v7e-m+fp/hard\libg_nano.a(libc_a-findfp.o)
__retarget_lock_release                           C:/PROGRA~2/ARMGNU~1/14EFD8~1.2RE/bin/../lib/gcc/arm-none-eabi/14.2.1/thumb/v7e-m+fp/hard\libg_nano.a(libc_a-lock.o)
__retarget_lock_release_recursive                 C:/PROGRA~2/ARMGNU~1/14EFD8~1.2RE/bin/../lib/gcc/arm-none-eabi/14.2.1/thumb/v7e-m+fp/hard\libg_nano.a(libc_a-lock.o)
                                                  C:/PROGRA~2/ARMGNU~1/14EFD8~1.2RE/bin/../lib/gcc/arm-none-eabi/14.2.1/thumb/v7e-m+fp/hard\libg_nano.a(libc_a-fflush.o)
                                                  C:/PROGRA~2/ARMGNU~1/14EFD8~1.2RE/bin/../lib/gcc/arm-none-eabi/14.2.1/thumb/v7e-m+fp/hard\libg_nano.a(libc_a-mlock.o)
                                                  C:/PROGRA~2/ARMGNU~1/14EFD8~1.2RE/bin/../lib/gcc/arm-none-eabi/14.2.1/thumb/v7e-m+fp/hard\libg_nano.a(libc_a-findfp.o)
__retarget_lock_try_acquire                       C:/PROGRA~2/ARMGNU~1/14EFD8~1.2RE/bin/../lib/gcc/arm-none-eabi/14.2.1/thumb/v7e-m+fp/hard\libg_nano.a(libc_a-lock.o)
__retarget_lock_try_acquire_recursive             C:/PROGRA~2/ARMGNU~1/14EFD8~1.2RE/bin/../lib/gcc/arm-none-eabi/14.2.1/thumb/v7e-m+fp/hard\libg_nano.a(libc_a-lock.o)
__sclose                                          C:/PROGRA~2/ARMGNU~1/14EFD8~1.2RE/bin/../lib/gcc/arm-none-eabi/14.2.1/thumb/v7e-m+fp/hard\libg_nano.a(libc_a-stdio.o)
                                                  C:/PROGRA~2/ARMGNU~1/14EFD8~1.2RE/bin/../lib/gcc/arm-none-eabi/14.2.1/thumb/v7e-m+fp/hard\libg_nano.a(libc_a-findfp.o)
__seofread                                        C:/PROGRA~2/ARMGNU~1/14EFD8~1.2RE/bin/../lib/gcc/arm-none-eabi/14.2.1/thumb/v7e-m+fp/hard\libg_nano.a(libc_a-stdio.o)
__sf                                              C:/PROGRA~2/ARMGNU~1/14EFD8~1.2RE/bin/../lib/gcc/arm-none-eabi/14.2.1/thumb/v7e-m+fp/hard\libg_nano.a(libc_a-findfp.o)
                                                  C:/PROGRA~2/ARMGNU~1/14EFD8~1.2RE/bin/../lib/gcc/arm-none-eabi/14.2.1/thumb/v7e-m+fp/hard\libg_nano.a(libc_a-impure.o)
__sflush_r                                        C:/PROGRA~2/ARMGNU~1/14EFD8~1.2RE/bin/../lib/gcc/arm-none-eabi/14.2.1/thumb/v7e-m+fp/hard\libg_nano.a(libc_a-fflush.o)
__sfp                                             C:/PROGRA~2/ARMGNU~1/14EFD8~1.2RE/bin/../lib/gcc/arm-none-eabi/14.2.1/thumb/v7e-m+fp/hard\libg_nano.a(libc_a-findfp.o)
__sfp_lock_acquire                                C:/PROGRA~2/ARMGNU~1/14EFD8~1.2RE/bin/../lib/gcc/arm-none-eabi/14.2.1/thumb/v7e-m+fp/hard\libg_nano.a(libc_a-findfp.o)
__sfp_lock_release                                C:/PROGRA~2/ARMGNU~1/14EFD8~1.2RE/bin/../lib/gcc/arm-none-eabi/14.2.1/thumb/v7e-m+fp/hard\libg_nano.a(libc_a-findfp.o)
__sglue                                           C:/PROGRA~2/ARMGNU~1/14EFD8~1.2RE/bin/../lib/gcc/arm-none-eabi/14.2.1/thumb/v7e-m+fp/hard\libg_nano.a(libc_a-findfp.o)
                                                  C:/PROGRA~2/ARMGNU~1/14EFD8~1.2RE/bin/../lib/gcc/arm-none-eabi/14.2.1/thumb/v7e-m+fp/hard\libg_nano.a(libc_a-fflush.o)
__sinit                                           C:/PROGRA~2/ARMGNU~1/14EFD8~1.2RE/bin/../lib/gcc/arm-none-eabi/14.2.1/thumb/v7e-m+fp/hard\libg_nano.a(libc_a-findfp.o)
                                                  C:/PROGRA~2/ARMGNU~1/14EFD8~1.2RE/bin/../lib/gcc/arm-none-eabi/14.2.1/thumb/v7e-m+fp/hard\libg_nano.a(libc_a-fflush.o)
__sread                                           C:/PROGRA~2/ARMGNU~1/14EFD8~1.2RE/bin/../lib/gcc/arm-none-eabi/14.2.1/thumb/v7e-m+fp/hard\libg_nano.a(libc_a-stdio.o)
                                                  C:/PROGRA~2/ARMGNU~1/14EFD8~1.2RE/bin/../lib/gcc/arm-none-eabi/14.2.1/thumb/v7e-m+fp/hard\libg_nano.a(libc_a-findfp.o)
__sseek                                           C:/PROGRA~2/ARMGNU~1/14EFD8~1.2RE/bin/../lib/gcc/arm-none-eabi/14.2.1/thumb/v7e-m+fp/hard\libg_nano.a(libc_a-stdio.o)
                                                  C:/PROGRA~2/ARMGNU~1/14EFD8~1.2RE/bin/../lib/gcc/arm-none-eabi/14.2.1/thumb/v7e-m+fp/hard\libg_nano.a(libc_a-findfp.o)
__stack                                           C:/PROGRA~2/ARMGNU~1/14EFD8~1.2RE/bin/../lib/gcc/arm-none-eabi/14.2.1/thumb/v7e-m+fp/hard/crt0.o
__stdio_exit_handler                              C:/PROGRA~2/ARMGNU~1/14EFD8~1.2RE/bin/../lib/gcc/arm-none-eabi/14.2.1/thumb/v7e-m+fp/hard\libg_nano.a(libc_a-findfp.o)
                                                  C:/PROGRA~2/ARMGNU~1/14EFD8~1.2RE/bin/../lib/gcc/arm-none-eabi/14.2.1/thumb/v7e-m+fp/hard\libg_nano.a(libc_a-exit.o)
__swrite                                          C:/PROGRA~2/ARMGNU~1/14EFD8~1.2RE/bin/../lib/gcc/arm-none-eabi/14.2.1/thumb/v7e-m+fp/hard\libg_nano.a(libc_a-stdio.o)
                                                  C:/PROGRA~2/ARMGNU~1/14EFD8~1.2RE/bin/../lib/gcc/arm-none-eabi/14.2.1/thumb/v7e-m+fp/hard\libg_nano.a(libc_a-findfp.o)
_close                                            C:/PROGRA~2/ARMGNU~1/14EFD8~1.2RE/bin/../lib/gcc/arm-none-eabi/14.2.1/thumb/v7e-m+fp/hard\libnosys.a(close.o)
                                                  C:/PROGRA~2/ARMGNU~1/14EFD8~1.2RE/bin/../lib/gcc/arm-none-eabi/14.2.1/thumb/v7e-m+fp/hard\libg_nano.a(libc_a-closer.o)
_close_r                                          C:/PROGRA~2/ARMGNU~1/14EFD8~1.2RE/bin/../lib/gcc/arm-none-eabi/14.2.1/thumb/v7e-m+fp/hard\libg_nano.a(libc_a-closer.o)
                                                  C:/PROGRA~2/ARMGNU~1/14EFD8~1.2RE/bin/../lib/gcc/arm-none-eabi/14.2.1/thumb/v7e-m+fp/hard\libg_nano.a(libc_a-stdio.o)
_ebss                                             CMakeFiles/mini_rtos.elf.dir/startup_stm32f446xx.s.obj
_edata                                            CMakeFiles/mini_rtos.elf.dir/startup_stm32f446xx.s.obj
_estack                                           CMakeFiles/mini_rtos.elf.dir/startup_stm32f446xx.s.obj
_exit                                             C:/PROGRA~2/ARMGNU~1/14EFD8~1.2RE/bin/../lib/gcc/arm-none-eabi/14.2.1/thumb/v7e-m+fp/hard\libnosys.a(_exit.o)
                                                  C:/PROGRA~2/ARMGNU~1/14EFD8~1.2RE/bin/../lib/gcc/arm-none-eabi/14.2.1/thumb/v7e-m+fp/hard\libg_nano.a(libc_a-exit.o)
_fflush_r                                         C:/PROGRA~2/ARMGNU~1/14EFD8~1.2RE/bin/../lib/gcc/arm-none-eabi/14.2.1/thumb/v7e-m+fp/hard\libg_nano.a(libc_a-fflush.o)
                                                  C:/PROGRA~2/ARMGNU~1/14EFD8~1.2RE/bin/../lib/gcc/arm-none-eabi/14.2.1/thumb/v7e-m+fp/hard\libg_nano.a(libc_a-findfp.o)
_fini                                             C:/PROGRA~2/ARMGNU~1/14EFD8~1.2RE/bin/../lib/gcc/arm-none-eabi/14.2.1/thumb/v7e-m+fp/hard/crti.o
_free_r                                           C:/PROGRA~2/ARMGNU~1/14EFD8~1.2RE/bin/../lib/gcc/arm-none-eabi/14.2.1/thumb/v7e-m+fp/hard\libg_nano.a(libc_a-freer.o)
                                                  C:/PROGRA~2/ARMGNU~1/14EFD8~1.2RE/bin/../lib/gcc/arm-none-eabi/14.2.1/thumb/v7e-m+fp/hard\libg_nano.a(libc_a-fflush.o)
                                                  C:/PROGRA~2/ARMGNU~1/14EFD8~1.2RE/bin/../lib/gcc/arm-none-eabi/14.2.1/thumb/v7e-m+fp/hard\libg_nano.a(libc_a-reent.o)
_fwalk_sglue                                      C:/PROGRA~2/ARMGNU~1/14EFD8~1.2RE/bin/../lib/gcc/arm-none-eabi/14.2.1/thumb/v7e-m+fp/hard\libg_nano.a(libc_a-fwalk.o)
                                                  C:/PROGRA~2/ARMGNU~1/14EFD8~1.2RE/bin/../lib/gcc/arm-none-eabi/14.2.1/thumb/v7e-m+fp/hard\libg_nano.a(libc_a-fflush.o)
                                                  C:/PROGRA~2/ARMGNU~1/14EFD8~1.2RE/bin/../lib/gcc/arm-none-eabi/14.2.1/thumb/v7e-m+fp/hard\libg_nano.a(libc_a-findfp.o)
_impure_data                                      C:/PROGRA~2/ARMGNU~1/14EFD8~1.2RE/bin/../lib/gcc/arm-none-eabi/14.2.1/thumb/v7e-m+fp/hard\libg_nano.a(libc_a-impure.o)
                                                  C:/PROGRA~2/ARMGNU~1/14EFD8~1.2RE/bin/../lib/gcc/arm-none-eabi/14.2.1/thumb/v7e-m+fp/hard\libg_nano.a(libc_a-fflush.o)
                                                  C:/PROGRA~2/ARMGNU~1/14EFD8~1.2RE/bin/../lib/gcc/arm-none-eabi/14.2.1/thumb/v7e-m+fp/hard\libg_nano.a(libc_a-findfp.o)
_impure_ptr                                       C:/PROGRA~2/ARMGNU~1/14EFD8~1.2RE/bin/../lib/gcc/arm-none-eabi/14.2.1/thumb/v7e-m+fp/hard\libg_nano.a(libc_a-impure.o)
                                                  C:/PROGRA~2/ARMGNU~1/14EFD8~1.2RE/bin/../lib/gcc/arm-none-eabi/14.2.1/thumb/v7e-m+fp/hard\libg_nano.a(libc_a-fflush.o)
                                                  C:/PROGRA~2/ARMGNU~1/14EFD8~1.2RE/bin/../lib/gcc/arm-none-eabi/14.2.1/thumb/v7e-m+fp/hard\libg_nano.a(libc_a-reent.o)
_init                                             C:/PROGRA~2/ARMGNU~1/14EFD8~1.2RE/bin/../lib/gcc/arm-none-eabi/14.2.1/thumb/v7e-m+fp/hard/crti.o
                                                  C:/PROGRA~2/ARMGNU~1/14EFD8~1.2RE/bin/../lib/gcc/arm-none-eabi/14.2.1/thumb/v7e-m+fp/hard\libg_nano.a(libc_a-init.o)
_lseek                                            C:/PROGRA~2/ARMGNU~1/14EFD8~1.2RE/bin/../lib/gcc/arm-none-eabi/14.2.1/thumb/v7e-m+fp/hard\libnosys.a(lseek.o)
                                                  C:/PROGRA~2/ARMGNU~1/14EFD8~1.2RE/bin/../lib/gcc/arm-none-eabi/14.2.1/thumb/v7e-m+fp/hard\libg_nano.a(libc_a-lseekr.o)
_lseek_r                                          C:/PROGRA~2/ARMGNU~1/14EFD8~1.2RE/bin/../lib/gcc/arm-none-eabi/14.2.1/thumb/v7e-m+fp/hard\libg_nano.a(libc_a-lseekr.o)
                                                  C:/PROGRA~2/ARMGNU~1/14EFD8~1.2RE/bin/../lib/gcc/arm-none-eabi/14.2.1/thumb/v7e-m+fp/hard\libg_nano.a(libc_a-stdio.o)
_mainCRTStartup                                   C:/PROGRA~2/ARMGNU~1/14EFD8~1.2RE/bin/../lib/gcc/arm-none-eabi/14.2.1/thumb/v7e-m+fp/hard/crt0.o
_malloc_r                                         C:/PROGRA~2/ARMGNU~1/14EFD8~1.2RE/bin/../lib/gcc/arm-none-eabi/14.2.1/thumb/v7e-m+fp/hard\libg_nano.a(libc_a-mallocr.o)
                                                  C:/PROGRA~2/ARMGNU~1/14EFD8~1.2RE/bin/../lib/gcc/arm-none-eabi/14.2.1/thumb/v7e-m+fp/hard\libg_nano.a(libc_a-findfp.o)
_read                                             C:/PROGRA~2/ARMGNU~1/14EFD8~1.2RE/bin/../lib/gcc/arm-none-eabi/14.2.1/thumb/v7e-m+fp/hard\libnosys.a(read.o)
                                                  C:/PROGRA~2/ARMGNU~1/14EFD8~1.2RE/bin/../lib/gcc/arm-none-eabi/14.2.1/thumb/v7e-m+fp/hard\libg_nano.a(libc_a-readr.o)
_read_r                                           C:/PROGRA~2/ARMGNU~1/14EFD8~1.2RE/bin/../lib/gcc/arm-none-eabi/14.2.1/thumb/v7e-m+fp/hard\libg_nano.a(libc_a-readr.o)
                                                  C:/PROGRA~2/ARMGNU~1/14EFD8~1.2RE/bin/../lib/gcc/arm-none-eabi/14.2.1/thumb/v7e-m+fp/hard\libg_nano.a(libc_a-stdio.o)
_reclaim_reent                                    C:/PROGRA~2/ARMGNU~1/14EFD8~1.2RE/bin/../lib/gcc/arm-none-eabi/14.2.1/thumb/v7e-m+fp/hard\libg_nano.a(libc_a-reent.o)
_sbrk                                             C:/PROGRA~2/ARMGNU~1/14EFD8~1.2RE/bin/../lib/gcc/arm-none-eabi/14.2.1/thumb/v7e-m+fp/hard\libnosys.a(sbrk.o)
                                                  C:/PROGRA~2/ARMGNU~1/14EFD8~1.2RE/bin/../lib/gcc/arm-none-eabi/14.2.1/thumb/v7e-m+fp/hard\libg_nano.a(libc_a-sbrkr.o)
_sbrk_r                                           C:/PROGRA~2/ARMGNU~1/14EFD8~1.2RE/bin/../lib/gcc/arm-none-eabi/14.2.1/thumb/v7e-m+fp/hard\libg_nano.a(libc_a-sbrkr.o)
                                                  C:/PROGRA~2/ARMGNU~1/14EFD8~1.2RE/bin/../lib/gcc/arm-none-eabi/14.2.1/thumb/v7e-m+fp/hard\libg_nano.a(libc_a-mallocr.o)
_sbss                                             CMakeFiles/mini_rtos.elf.dir/startup_stm32f446xx.s.obj
_sdata                                            CMakeFiles/mini_rtos.elf.dir/startup_stm32f446xx.s.obj
_sidata                                           CMakeFiles/mini_rtos.elf.dir/startup_stm32f446xx.s.obj
_stack_init                                       C:/PROGRA~2/ARMGNU~1/14EFD8~1.2RE/bin/../lib/gcc/arm-none-eabi/14.2.1/thumb/v7e-m+fp/hard/crt0.o
_start                                            C:/PROGRA~2/ARMGNU~1/14EFD8~1.2RE/bin/../lib/gcc/arm-none-eabi/14.2.1/thumb/v7e-m+fp/hard/crt0.o
_write                                            C:/PROGRA~2/ARMGNU~1/14EFD8~1.2RE/bin/../lib/gcc/arm-none-eabi/14.2.1/thumb/v7e-m+fp/hard\libnosys.a(write.o)
                                                  C:/PROGRA~2/ARMGNU~1/14EFD8~1.2RE/bin/../lib/gcc/arm-none-eabi/14.2.1/thumb/v7e-m+fp/hard\libg_nano.a(libc_a-writer.o)
_write_r                                          C:/PROGRA~2/ARMGNU~1/14EFD8~1.2RE/bin/../lib/gcc/arm-none-eabi/14.2.1/thumb/v7e-m+fp/hard\libg_nano.a(libc_a-writer.o)
                                                  C:/PROGRA~2/ARMGNU~1/14EFD8~1.2RE/bin/../lib/gcc/arm-none-eabi/14.2.1/thumb/v7e-m+fp/hard\libg_nano.a(libc_a-stdio.o)
assert_failed                                     CMakeFiles/mini_rtos.elf.dir/bsp.c.obj
atexit                                            C:/PROGRA~2/ARMGNU~1/14EFD8~1.2RE/bin/../lib/gcc/arm-none-eabi/14.2.1/thumb/v7e-m+fp/hard/crt0.o
blinky1                                           CMakeFiles/mini_rtos.elf.dir/main.c.obj
bmi088_attach_thread                              CMakeFiles/mini_rtos.elf.dir/bmi088.c.obj
                                                  CMakeFiles/mini_rtos.elf.dir/main.c.obj
bmi088_exti_accel_isr                             CMakeFiles/mini_rtos.elf.dir/bmi088.c.obj
                                                  CMakeFiles/mini_rtos.elf.dir/bsp.c.obj
bmi088_exti_gyro_isr                              CMakeFiles/mini_rtos.elf.dir/bmi088.c.obj
                                                  CMakeFiles/mini_rtos.elf.dir/bsp.c.obj
bmi088_init                                       CMakeFiles/mini_rtos.elf.dir/bmi088.c.obj
                                                  CMakeFiles/mini_rtos.elf.dir/main.c.obj
bmi088_probe                                      CMakeFiles/mini_rtos.elf.dir/bmi088.c.obj
end                                               C:/PROGRA~2/ARMGNU~1/14EFD8~1.2RE/bin/../lib/gcc/arm-none-eabi/14.2.1/thumb/v7e-m+fp/hard\libnosys.a(sbrk.o)
errno                                             C:/PROGRA~2/ARMGNU~1/14EFD8~1.2RE/bin/../lib/gcc/arm-none-eabi/14.2.1/thumb/v7e-m+fp/hard\libg_nano.a(libc_a-reent.o)
                                                  C:/PROGRA~2/ARMGNU~1/14EFD8~1.2RE/bin/../lib/gcc/arm-none-eabi/14.2.1/thumb/v7e-m+fp/hard\libnosys.a(write.o)
                                                  C:/PROGRA~2/ARMGNU~1/14EFD8~1.2RE/bin/../lib/gcc/arm-none-eabi/14.2.1/thumb/v7e-m+fp/hard\libnosys.a(read.o)
                                                  C:/PROGRA~2/ARMGNU~1/14EFD8~1.2RE/bin/../lib/gcc/arm-none-eabi/14.2.1/thumb/v7e-m+fp/hard\libnosys.a(lseek.o)
                                                  C:/PROGRA~2/ARMGNU~1/14EFD8~1.2RE/bin/../lib/gcc/arm-none-eabi/14.2.1/thumb/v7e-m+fp/hard\libnosys.a(close.o)
                                                  C:/PROGRA~2/ARMGNU~1/14EFD8~1.2RE/bin/../lib/gcc/arm-none-eabi/14.2.1/thumb/v7e-m+fp/hard\libg_nano.a(libc_a-sbrkr.o)
                                                  C:/PROGRA~2/ARMGNU~1/14EFD8~1.2RE/bin/../lib/gcc/arm-none-eabi/14.2.1/thumb/v7e-m+fp/hard\libg_nano.a(libc_a-writer.o)
                                                  C:/PROGRA~2/ARMGNU~1/14EFD8~1.2RE/bin/../lib/gcc/arm-none-eabi/14.2.1/thumb/v7e-m+fp/hard\libg_nano.a(libc_a-readr.o)
                                                  C:/PROGRA~2/ARMGNU~1/14EFD8~1.2RE/bin/../lib/gcc/arm-none-eabi/14.2.1/thumb/v7e-m+fp/hard\libg_nano.a(libc_a-lseekr.o)
                                                  C:/PROGRA~2/ARMGNU~1/14EFD8~1.2RE/bin/../lib/gcc/arm-none-eabi/14.2.1/thumb/v7e-m+fp/hard\libg_nano.a(libc_a-closer.o)
exit                                              C:/PROGRA~2/ARMGNU~1/14EFD8~1.2RE/bin/../lib/gcc/arm-none-eabi/14.2.1/thumb/v7e-m+fp/hard\libg_nano.a(libc_a-exit.o)
                                                  C:/PROGRA~2/ARMGNU~1/14EFD8~1.2RE/bin/../lib/gcc/arm-none-eabi/14.2.1/thumb/v7e-m+fp/hard/crt0.o
fflush                                            C:/PROGRA~2/ARMGNU~1/14EFD8~1.2RE/bin/../lib/gcc/arm-none-eabi/14.2.1/thumb/v7e-m+fp/hard\libg_nano.a(libc_a-fflush.o)
g_pfnVectors                                      CMakeFiles/mini_rtos.elf.dir/startup_stm32f446xx.s.obj
hardware_init_hook                                C:/PROGRA~2/ARMGNU~1/14EFD8~1.2RE/bin/../lib/gcc/arm-none-eabi/14.2.1/thumb/v7e-m+fp/hard/crt0.o
i2c1_attach_rx_thread                             CMakeFiles/mini_rtos.elf.dir/i2c1.c.obj
i2c1_dma_rx_isr                                   CMakeFiles/mini_rtos.elf.dir/i2c1.c.obj
                                                  CMakeFiles/mini_rtos.elf.dir/bsp.c.obj
i2c1_dma_rx_result                                CMakeFiles/mini_rtos.elf.dir/i2c1.c.obj
i2c1_init                                         CMakeFiles/mini_rtos.elf.dir/i2c1.c.obj
                                                  CMakeFiles/mini_rtos.elf.dir/main.c.obj
i2c1_mem_read                                     CMakeFiles/mini_rtos.elf.dir/i2c1.c.obj
                                                  CMakeFiles/mini_rtos.elf.dir/bmi088.c.obj
i2c1_mem_read_dma_start                           CMakeFiles/mini_rtos.elf.dir/i2c1.c.obj
i2c1_mem_write_byte                               CMakeFiles/mini_rtos.elf.dir/i2c1.c.obj
                                                  CMakeFiles/mini_rtos.elf.dir/bmi088.c.obj
idleThread                                        CMakeFiles/mini_rtos.elf.dir/miros.c.obj
imuThread                                         CMakeFiles/mini_rtos.elf.dir/main.c.obj
main                                              CMakeFiles/mini_rtos.elf.dir/main.c.obj
                                                  CMakeFiles/mini_rtos.elf.dir/startup_stm32f446xx.s.obj
                                                  C:/PROGRA~2/ARMGNU~1/14EFD8~1.2RE/bin/../lib/gcc/arm-none-eabi/14.2.1/thumb/v7e-m+fp/hard/crt0.o
main_idleThread                                   CMakeFiles/mini_rtos.elf.dir/miros.c.obj
memset                                            C:/PROGRA~2/ARMGNU~1/14EFD8~1.2RE/bin/../lib/gcc/arm-none-eabi/14.2.1/thumb/v7e-m+fp/hard\libg_nano.a(libc_a-memset.o)
                                                  C:/PROGRA~2/ARMGNU~1/14EFD8~1.2RE/bin/../lib/gcc/arm-none-eabi/14.2.1/thumb/v7e-m+fp/hard\libg_nano.a(libc_a-findfp.o)
                                                  C:/PROGRA~2/ARMGNU~1/14EFD8~1.2RE/bin/../lib/gcc/arm-none-eabi/14.2.1/thumb/v7e-m+fp/hard/crt0.o
software_init_hook                                C:/PROGRA~2/ARMGNU~1/14EFD8~1.2RE/bin/../lib/gcc/arm-none-eabi/14.2.1/thumb/v7e-m+fp/hard/crt0.o
stack_blinky1                                     CMakeFiles/mini_rtos.elf.dir/main.c.obj
stack_idleThread                                  CMakeFiles/mini_rtos.elf.dir/main.c.obj
stack_imu                                         CMakeFiles/mini_rtos.elf.dir/main.c.obj
